[2023-10-17T10:25:11.347+0700][gc,init] CardTable entry size: 512
[2023-10-17T10:25:11.348+0700][gc     ] Using G1
[2023-10-17T10:25:11.355+0700][gc,init] Version: 21+35-LTS-2513 (release)
[2023-10-17T10:25:11.355+0700][gc,init] CPUs: 4 total, 4 available
[2023-10-17T10:25:11.355+0700][gc,init] Memory: 8192M
[2023-10-17T10:25:11.355+0700][gc,init] Large Page Support: Disabled
[2023-10-17T10:25:11.355+0700][gc,init] NUMA Support: Disabled
[2023-10-17T10:25:11.355+0700][gc,init] Compressed Oops: Enabled (Zero based)
[2023-10-17T10:25:11.355+0700][gc,init] Heap Region Size: 1M
[2023-10-17T10:25:11.355+0700][gc,init] Heap Min Capacity: 1G
[2023-10-17T10:25:11.355+0700][gc,init] Heap Initial Capacity: 1G
[2023-10-17T10:25:11.355+0700][gc,init] Heap Max Capacity: 1G
[2023-10-17T10:25:11.355+0700][gc,init] Pre-touch: Disabled
[2023-10-17T10:25:11.355+0700][gc,init] Parallel Workers: 4
[2023-10-17T10:25:11.355+0700][gc,init] Concurrent Workers: 1
[2023-10-17T10:25:11.355+0700][gc,init] Concurrent Refinement Workers: 4
[2023-10-17T10:25:11.355+0700][gc,init] Periodic GC: Disabled
[2023-10-17T10:25:11.366+0700][gc,metaspace] CDS archive(s) mapped at: [0x0000000120000000-0x0000000120ca4000-0x0000000120ca4000), size 13254656, SharedBaseAddress: 0x0000000120000000, ArchiveRelocationMode: 1.
[2023-10-17T10:25:11.366+0700][gc,metaspace] Compressed class space mapped at: 0x0000000121000000-0x0000000161000000, reserved size: 1073741824
[2023-10-17T10:25:11.366+0700][gc,metaspace] Narrow klass base: 0x0000000120000000, Narrow klass shift: 0, Narrow klass range: 0x100000000
[2023-10-17T10:25:21.202+0700][gc,start    ] GC(0) Pause Young (Normal) (G1 Evacuation Pause)
[2023-10-17T10:25:21.205+0700][gc,task     ] GC(0) Using 4 workers of 4 for evacuation
[2023-10-17T10:25:21.250+0700][gc,mmu      ] GC(0) MMU target violated: 21.0ms (20.0ms/21.0ms)
[2023-10-17T10:25:21.251+0700][gc,phases   ] GC(0)   Pre Evacuate Collection Set: 1.7ms
[2023-10-17T10:25:21.251+0700][gc,phases   ] GC(0)   Merge Heap Roots: 0.6ms
[2023-10-17T10:25:21.251+0700][gc,phases   ] GC(0)   Evacuate Collection Set: 39.4ms
[2023-10-17T10:25:21.251+0700][gc,phases   ] GC(0)   Post Evacuate Collection Set: 2.9ms
[2023-10-17T10:25:21.252+0700][gc,phases   ] GC(0)   Other: 1.9ms
[2023-10-17T10:25:21.252+0700][gc,heap     ] GC(0) Eden regions: 51->0(44)
[2023-10-17T10:25:21.252+0700][gc,heap     ] GC(0) Survivor regions: 0->7(7)
[2023-10-17T10:25:21.252+0700][gc,heap     ] GC(0) Old regions: 2->3
[2023-10-17T10:25:21.252+0700][gc,heap     ] GC(0) Humongous regions: 0->0
[2023-10-17T10:25:21.252+0700][gc,metaspace] GC(0) Metaspace: 18723K(19008K)->18723K(19008K) NonClass: 16733K(16896K)->16733K(16896K) Class: 1990K(2112K)->1990K(2112K)
[2023-10-17T10:25:21.252+0700][gc          ] GC(0) Pause Young (Normal) (G1 Evacuation Pause) 52M->8M(1024M) 49.371ms
[2023-10-17T10:25:21.252+0700][gc,cpu      ] GC(0) User=0.04s Sys=0.06s Real=0.05s
[2023-10-17T10:25:21.876+0700][gc,start    ] GC(1) Pause Young (Concurrent Start) (Metadata GC Threshold)
[2023-10-17T10:25:21.876+0700][gc,task     ] GC(1) Using 4 workers of 4 for evacuation
[2023-10-17T10:25:21.899+0700][gc,mmu      ] GC(1) MMU target violated: 21.0ms (20.0ms/21.0ms)
[2023-10-17T10:25:21.899+0700][gc,phases   ] GC(1)   Pre Evacuate Collection Set: 0.3ms
[2023-10-17T10:25:21.899+0700][gc,phases   ] GC(1)   Merge Heap Roots: 0.0ms
[2023-10-17T10:25:21.899+0700][gc,phases   ] GC(1)   Evacuate Collection Set: 19.4ms
[2023-10-17T10:25:21.900+0700][gc,phases   ] GC(1)   Post Evacuate Collection Set: 2.9ms
[2023-10-17T10:25:21.900+0700][gc,phases   ] GC(1)   Other: 0.2ms
[2023-10-17T10:25:21.900+0700][gc,heap     ] GC(1) Eden regions: 12->0(49)
[2023-10-17T10:25:21.900+0700][gc,heap     ] GC(1) Survivor regions: 7->2(7)
[2023-10-17T10:25:21.900+0700][gc,heap     ] GC(1) Old regions: 3->10
[2023-10-17T10:25:21.900+0700][gc,heap     ] GC(1) Humongous regions: 0->0
[2023-10-17T10:25:21.900+0700][gc,metaspace] GC(1) Metaspace: 21288K(21504K)->21288K(21504K) NonClass: 18972K(19072K)->18972K(19072K) Class: 2316K(2432K)->2316K(2432K)
[2023-10-17T10:25:21.900+0700][gc          ] GC(1) Pause Young (Concurrent Start) (Metadata GC Threshold) 20M->10M(1024M) 23.311ms
[2023-10-17T10:25:21.900+0700][gc,cpu      ] GC(1) User=0.04s Sys=0.00s Real=0.03s
[2023-10-17T10:25:21.900+0700][gc          ] GC(2) Concurrent Mark Cycle
[2023-10-17T10:25:21.900+0700][gc,marking  ] GC(2) Concurrent Scan Root Regions
[2023-10-17T10:25:21.913+0700][gc,marking  ] GC(2) Concurrent Scan Root Regions 12.988ms
[2023-10-17T10:25:21.923+0700][gc,marking  ] GC(2) Concurrent Mark
[2023-10-17T10:25:21.923+0700][gc,marking  ] GC(2) Concurrent Mark From Roots
[2023-10-17T10:25:21.923+0700][gc,task     ] GC(2) Using 1 workers of 1 for marking
[2023-10-17T10:25:21.928+0700][gc,marking  ] GC(2) Concurrent Mark From Roots 5.154ms
[2023-10-17T10:25:21.928+0700][gc,marking  ] GC(2) Concurrent Preclean
[2023-10-17T10:25:21.928+0700][gc,marking  ] GC(2) Concurrent Preclean 0.032ms
[2023-10-17T10:25:21.928+0700][gc,start    ] GC(2) Pause Remark
[2023-10-17T10:25:21.932+0700][gc          ] GC(2) Pause Remark 11M->11M(1024M) 3.888ms
[2023-10-17T10:25:21.932+0700][gc,cpu      ] GC(2) User=0.01s Sys=0.00s Real=0.01s
[2023-10-17T10:25:21.932+0700][gc,marking  ] GC(2) Concurrent Mark 9.394ms
[2023-10-17T10:25:21.932+0700][gc,marking  ] GC(2) Concurrent Rebuild Remembered Sets and Scrub Regions
[2023-10-17T10:25:21.939+0700][gc,marking  ] GC(2) Concurrent Rebuild Remembered Sets and Scrub Regions 7.094ms
[2023-10-17T10:25:21.940+0700][gc,start    ] GC(2) Pause Cleanup
[2023-10-17T10:25:21.940+0700][gc          ] GC(2) Pause Cleanup 11M->11M(1024M) 0.173ms
[2023-10-17T10:25:21.940+0700][gc,cpu      ] GC(2) User=0.00s Sys=0.00s Real=0.00s
[2023-10-17T10:25:21.940+0700][gc,marking  ] GC(2) Concurrent Clear Claimed Marks
[2023-10-17T10:25:21.940+0700][gc,marking  ] GC(2) Concurrent Clear Claimed Marks 0.053ms
[2023-10-17T10:25:21.940+0700][gc,marking  ] GC(2) Concurrent Cleanup for Next Mark
[2023-10-17T10:25:21.952+0700][gc,marking  ] GC(2) Concurrent Cleanup for Next Mark 12.200ms
[2023-10-17T10:25:21.953+0700][gc          ] GC(2) Concurrent Mark Cycle 52.492ms
[2023-10-17T10:25:24.439+0700][gc,start    ] GC(3) Pause Young (Prepare Mixed) (G1 Evacuation Pause)
[2023-10-17T10:25:24.439+0700][gc,task     ] GC(3) Using 4 workers of 4 for evacuation
[2023-10-17T10:25:24.447+0700][gc,phases   ] GC(3)   Pre Evacuate Collection Set: 0.2ms
[2023-10-17T10:25:24.447+0700][gc,phases   ] GC(3)   Merge Heap Roots: 0.0ms
[2023-10-17T10:25:24.447+0700][gc,phases   ] GC(3)   Evacuate Collection Set: 6.1ms
[2023-10-17T10:25:24.447+0700][gc,phases   ] GC(3)   Post Evacuate Collection Set: 0.6ms
[2023-10-17T10:25:24.447+0700][gc,phases   ] GC(3)   Other: 0.1ms
[2023-10-17T10:25:24.447+0700][gc,heap     ] GC(3) Eden regions: 49->0(46)
[2023-10-17T10:25:24.447+0700][gc,heap     ] GC(3) Survivor regions: 2->5(7)
[2023-10-17T10:25:24.447+0700][gc,heap     ] GC(3) Old regions: 10->10
[2023-10-17T10:25:24.447+0700][gc,heap     ] GC(3) Humongous regions: 9->9
[2023-10-17T10:25:24.447+0700][gc,metaspace] GC(3) Metaspace: 32041K(32320K)->32041K(32320K) NonClass: 28570K(28736K)->28570K(28736K) Class: 3471K(3584K)->3471K(3584K)
[2023-10-17T10:25:24.447+0700][gc          ] GC(3) Pause Young (Prepare Mixed) (G1 Evacuation Pause) 68M->22M(1024M) 7.258ms
[2023-10-17T10:25:24.447+0700][gc,cpu      ] GC(3) User=0.03s Sys=0.00s Real=0.01s
[2023-10-17T10:25:26.525+0700][gc,start    ] GC(4) Pause Young (Mixed) (Metadata GC Threshold)
[2023-10-17T10:25:26.536+0700][gc,task     ] GC(4) Using 4 workers of 4 for evacuation
[2023-10-17T10:25:26.548+0700][gc,phases   ] GC(4)   Pre Evacuate Collection Set: 1.7ms
[2023-10-17T10:25:26.553+0700][gc,phases   ] GC(4)   Merge Heap Roots: 0.1ms
[2023-10-17T10:25:26.554+0700][gc,phases   ] GC(4)   Evacuate Collection Set: 9.4ms
[2023-10-17T10:25:26.554+0700][gc,phases   ] GC(4)   Post Evacuate Collection Set: 1.2ms
[2023-10-17T10:25:26.570+0700][gc,phases   ] GC(4)   Other: 0.2ms
[2023-10-17T10:25:26.570+0700][gc,heap     ] GC(4) Eden regions: 23->0(49)
[2023-10-17T10:25:26.570+0700][gc,heap     ] GC(4) Survivor regions: 5->2(7)
[2023-10-17T10:25:26.570+0700][gc,heap     ] GC(4) Old regions: 10->13
[2023-10-17T10:25:26.570+0700][gc,heap     ] GC(4) Humongous regions: 147->9
[2023-10-17T10:25:26.570+0700][gc,metaspace] GC(4) Metaspace: 35763K(36096K)->35763K(36096K) NonClass: 31775K(32000K)->31775K(32000K) Class: 3988K(4096K)->3988K(4096K)
[2023-10-17T10:25:26.570+0700][gc          ] GC(4) Pause Young (Mixed) (Metadata GC Threshold) 183M->22M(1024M) 44.450ms
[2023-10-17T10:25:26.570+0700][gc,cpu      ] GC(4) User=0.03s Sys=0.02s Real=0.05s
[2023-10-17T10:25:26.696+0700][gc,heap,exit] Heap
[2023-10-17T10:25:26.697+0700][gc,heap,exit]  garbage-first heap   total 1048576K, used 28232K [0x00000007c0000000, 0x0000000800000000)
[2023-10-17T10:25:26.697+0700][gc,heap,exit]   region size 1024K, 7 young (7168K), 2 survivors (2048K)
[2023-10-17T10:25:26.697+0700][gc,heap,exit]  Metaspace       used 35855K, committed 36224K, reserved 1114112K
[2023-10-17T10:25:26.697+0700][gc,heap,exit]   class space    used 4014K, committed 4160K, reserved 1048576K
