[2023-10-10T10:55:35.083+0700][gc,init] CardTable entry size: 512
[2023-10-10T10:55:35.083+0700][gc     ] Using G1
[2023-10-10T10:55:35.092+0700][gc,init] Version: 21+35-LTS-2513 (release)
[2023-10-10T10:55:35.092+0700][gc,init] CPUs: 4 total, 4 available
[2023-10-10T10:55:35.092+0700][gc,init] Memory: 8192M
[2023-10-10T10:55:35.092+0700][gc,init] Large Page Support: Disabled
[2023-10-10T10:55:35.092+0700][gc,init] NUMA Support: Disabled
[2023-10-10T10:55:35.092+0700][gc,init] Compressed Oops: Enabled (Zero based)
[2023-10-10T10:55:35.092+0700][gc,init] Heap Region Size: 1M
[2023-10-10T10:55:35.092+0700][gc,init] Heap Min Capacity: 1G
[2023-10-10T10:55:35.092+0700][gc,init] Heap Initial Capacity: 1G
[2023-10-10T10:55:35.092+0700][gc,init] Heap Max Capacity: 1G
[2023-10-10T10:55:35.092+0700][gc,init] Pre-touch: Disabled
[2023-10-10T10:55:35.092+0700][gc,init] Parallel Workers: 4
[2023-10-10T10:55:35.092+0700][gc,init] Concurrent Workers: 1
[2023-10-10T10:55:35.092+0700][gc,init] Concurrent Refinement Workers: 4
[2023-10-10T10:55:35.092+0700][gc,init] Periodic GC: Disabled
[2023-10-10T10:55:35.105+0700][gc,metaspace] CDS archive(s) mapped at: [0x000000012b000000-0x000000012bca4000-0x000000012bca4000), size 13254656, SharedBaseAddress: 0x000000012b000000, ArchiveRelocationMode: 1.
[2023-10-10T10:55:35.105+0700][gc,metaspace] Compressed class space mapped at: 0x000000012c000000-0x000000016c000000, reserved size: 1073741824
[2023-10-10T10:55:35.105+0700][gc,metaspace] Narrow klass base: 0x000000012b000000, Narrow klass shift: 0, Narrow klass range: 0x100000000
[2023-10-10T10:55:42.120+0700][gc,start    ] GC(0) Pause Young (Normal) (G1 Evacuation Pause)
[2023-10-10T10:55:42.120+0700][gc,task     ] GC(0) Using 4 workers of 4 for evacuation
[2023-10-10T10:55:42.132+0700][gc,phases   ] GC(0)   Pre Evacuate Collection Set: 0.4ms
[2023-10-10T10:55:42.132+0700][gc,phases   ] GC(0)   Merge Heap Roots: 0.1ms
[2023-10-10T10:55:42.132+0700][gc,phases   ] GC(0)   Evacuate Collection Set: 10.2ms
[2023-10-10T10:55:42.132+0700][gc,phases   ] GC(0)   Post Evacuate Collection Set: 0.8ms
[2023-10-10T10:55:42.132+0700][gc,phases   ] GC(0)   Other: 0.4ms
[2023-10-10T10:55:42.132+0700][gc,heap     ] GC(0) Eden regions: 51->0(44)
[2023-10-10T10:55:42.132+0700][gc,heap     ] GC(0) Survivor regions: 0->7(7)
[2023-10-10T10:55:42.132+0700][gc,heap     ] GC(0) Old regions: 2->3
[2023-10-10T10:55:42.132+0700][gc,heap     ] GC(0) Humongous regions: 0->0
[2023-10-10T10:55:42.132+0700][gc,metaspace] GC(0) Metaspace: 18340K(18560K)->18340K(18560K) NonClass: 16237K(16384K)->16237K(16384K) Class: 2102K(2176K)->2102K(2176K)
[2023-10-10T10:55:42.132+0700][gc          ] GC(0) Pause Young (Normal) (G1 Evacuation Pause) 52M->8M(1024M) 12.410ms
[2023-10-10T10:55:42.132+0700][gc,cpu      ] GC(0) User=0.03s Sys=0.01s Real=0.02s
[2023-10-10T10:55:42.519+0700][gc,start    ] GC(1) Pause Young (Concurrent Start) (Metadata GC Threshold)
[2023-10-10T10:55:42.519+0700][gc,task     ] GC(1) Using 4 workers of 4 for evacuation
[2023-10-10T10:55:42.528+0700][gc,phases   ] GC(1)   Pre Evacuate Collection Set: 0.2ms
[2023-10-10T10:55:42.528+0700][gc,phases   ] GC(1)   Merge Heap Roots: 0.0ms
[2023-10-10T10:55:42.528+0700][gc,phases   ] GC(1)   Evacuate Collection Set: 8.2ms
[2023-10-10T10:55:42.528+0700][gc,phases   ] GC(1)   Post Evacuate Collection Set: 0.4ms
[2023-10-10T10:55:42.528+0700][gc,phases   ] GC(1)   Other: 0.1ms
[2023-10-10T10:55:42.528+0700][gc,heap     ] GC(1) Eden regions: 13->0(49)
[2023-10-10T10:55:42.528+0700][gc,heap     ] GC(1) Survivor regions: 7->2(7)
[2023-10-10T10:55:42.528+0700][gc,heap     ] GC(1) Old regions: 3->10
[2023-10-10T10:55:42.528+0700][gc,heap     ] GC(1) Humongous regions: 129->129
[2023-10-10T10:55:42.528+0700][gc,metaspace] GC(1) Metaspace: 21250K(21504K)->21250K(21504K) NonClass: 18775K(18880K)->18775K(18880K) Class: 2474K(2624K)->2474K(2624K)
[2023-10-10T10:55:42.528+0700][gc          ] GC(1) Pause Young (Concurrent Start) (Metadata GC Threshold) 149M->138M(1024M) 9.186ms
[2023-10-10T10:55:42.528+0700][gc,cpu      ] GC(1) User=0.03s Sys=0.00s Real=0.01s
[2023-10-10T10:55:42.528+0700][gc          ] GC(2) Concurrent Mark Cycle
[2023-10-10T10:55:42.529+0700][gc,marking  ] GC(2) Concurrent Scan Root Regions
[2023-10-10T10:55:42.534+0700][gc,marking  ] GC(2) Concurrent Scan Root Regions 5.657ms
[2023-10-10T10:55:42.534+0700][gc,marking  ] GC(2) Concurrent Mark
[2023-10-10T10:55:42.534+0700][gc,marking  ] GC(2) Concurrent Mark From Roots
[2023-10-10T10:55:42.534+0700][gc,task     ] GC(2) Using 1 workers of 1 for marking
[2023-10-10T10:55:42.538+0700][gc,marking  ] GC(2) Concurrent Mark From Roots 3.916ms
[2023-10-10T10:55:42.538+0700][gc,marking  ] GC(2) Concurrent Preclean
[2023-10-10T10:55:42.538+0700][gc,marking  ] GC(2) Concurrent Preclean 0.029ms
[2023-10-10T10:55:42.539+0700][gc,start    ] GC(2) Pause Remark
[2023-10-10T10:55:42.541+0700][gc          ] GC(2) Pause Remark 139M->139M(1024M) 1.804ms
[2023-10-10T10:55:42.541+0700][gc,cpu      ] GC(2) User=0.01s Sys=0.00s Real=0.01s
[2023-10-10T10:55:42.541+0700][gc,marking  ] GC(2) Concurrent Mark 6.549ms
[2023-10-10T10:55:42.541+0700][gc,marking  ] GC(2) Concurrent Rebuild Remembered Sets and Scrub Regions
[2023-10-10T10:55:42.545+0700][gc,marking  ] GC(2) Concurrent Rebuild Remembered Sets and Scrub Regions 3.847ms
[2023-10-10T10:55:42.545+0700][gc,start    ] GC(2) Pause Cleanup
[2023-10-10T10:55:42.545+0700][gc          ] GC(2) Pause Cleanup 140M->140M(1024M) 0.216ms
[2023-10-10T10:55:42.545+0700][gc,cpu      ] GC(2) User=0.00s Sys=0.00s Real=0.00s
[2023-10-10T10:55:42.545+0700][gc,marking  ] GC(2) Concurrent Clear Claimed Marks
[2023-10-10T10:55:42.545+0700][gc,marking  ] GC(2) Concurrent Clear Claimed Marks 0.049ms
[2023-10-10T10:55:42.545+0700][gc,marking  ] GC(2) Concurrent Cleanup for Next Mark
[2023-10-10T10:55:42.557+0700][gc,marking  ] GC(2) Concurrent Cleanup for Next Mark 11.835ms
[2023-10-10T10:55:42.557+0700][gc          ] GC(2) Concurrent Mark Cycle 28.853ms
[2023-10-10T10:55:43.612+0700][gc,start    ] GC(3) Pause Young (Prepare Mixed) (G1 Evacuation Pause)
[2023-10-10T10:55:43.613+0700][gc,task     ] GC(3) Using 4 workers of 4 for evacuation
[2023-10-10T10:55:43.622+0700][gc,phases   ] GC(3)   Pre Evacuate Collection Set: 0.1ms
[2023-10-10T10:55:43.622+0700][gc,phases   ] GC(3)   Merge Heap Roots: 0.0ms
[2023-10-10T10:55:43.622+0700][gc,phases   ] GC(3)   Evacuate Collection Set: 7.9ms
[2023-10-10T10:55:43.622+0700][gc,phases   ] GC(3)   Post Evacuate Collection Set: 1.1ms
[2023-10-10T10:55:43.622+0700][gc,phases   ] GC(3)   Other: 0.1ms
[2023-10-10T10:55:43.622+0700][gc,heap     ] GC(3) Eden regions: 49->0(45)
[2023-10-10T10:55:43.622+0700][gc,heap     ] GC(3) Survivor regions: 2->6(7)
[2023-10-10T10:55:43.622+0700][gc,heap     ] GC(3) Old regions: 10->10
[2023-10-10T10:55:43.622+0700][gc,heap     ] GC(3) Humongous regions: 129->129
[2023-10-10T10:55:43.622+0700][gc,metaspace] GC(3) Metaspace: 33036K(33344K)->33036K(33344K) NonClass: 29388K(29568K)->29388K(29568K) Class: 3647K(3776K)->3647K(3776K)
[2023-10-10T10:55:43.622+0700][gc          ] GC(3) Pause Young (Prepare Mixed) (G1 Evacuation Pause) 187M->143M(1024M) 10.234ms
[2023-10-10T10:55:43.622+0700][gc,cpu      ] GC(3) User=0.03s Sys=0.00s Real=0.01s
[2023-10-10T10:56:26.038+0700][gc,start    ] GC(4) Pause Young (Mixed) (Metadata GC Threshold)
[2023-10-10T10:56:26.040+0700][gc,task     ] GC(4) Using 4 workers of 4 for evacuation
[2023-10-10T10:56:26.051+0700][gc,phases   ] GC(4)   Pre Evacuate Collection Set: 0.2ms
[2023-10-10T10:56:26.051+0700][gc,phases   ] GC(4)   Merge Heap Roots: 0.1ms
[2023-10-10T10:56:26.051+0700][gc,phases   ] GC(4)   Evacuate Collection Set: 10.2ms
[2023-10-10T10:56:26.051+0700][gc,phases   ] GC(4)   Post Evacuate Collection Set: 0.5ms
[2023-10-10T10:56:26.051+0700][gc,phases   ] GC(4)   Other: 0.1ms
[2023-10-10T10:56:26.051+0700][gc,heap     ] GC(4) Eden regions: 13->0(50)
[2023-10-10T10:56:26.051+0700][gc,heap     ] GC(4) Survivor regions: 6->1(7)
[2023-10-10T10:56:26.051+0700][gc,heap     ] GC(4) Old regions: 10->15
[2023-10-10T10:56:26.051+0700][gc,heap     ] GC(4) Humongous regions: 129->129
[2023-10-10T10:56:26.051+0700][gc,metaspace] GC(4) Metaspace: 35790K(36096K)->35790K(36096K) NonClass: 31742K(31936K)->31742K(31936K) Class: 4047K(4160K)->4047K(4160K)
[2023-10-10T10:56:26.051+0700][gc          ] GC(4) Pause Young (Mixed) (Metadata GC Threshold) 156M->144M(1024M) 12.565ms
[2023-10-10T10:56:26.051+0700][gc,cpu      ] GC(4) User=0.04s Sys=0.01s Real=0.02s
[2023-10-10T10:56:26.115+0700][gc,start    ] GC(5) Pause Young (Concurrent Start) (Metadata GC Threshold)
[2023-10-10T10:56:26.115+0700][gc,task     ] GC(5) Using 4 workers of 4 for evacuation
[2023-10-10T10:56:26.117+0700][gc,phases   ] GC(5)   Pre Evacuate Collection Set: 0.3ms
[2023-10-10T10:56:26.117+0700][gc,phases   ] GC(5)   Merge Heap Roots: 0.1ms
[2023-10-10T10:56:26.117+0700][gc,phases   ] GC(5)   Evacuate Collection Set: 1.9ms
[2023-10-10T10:56:26.117+0700][gc,phases   ] GC(5)   Post Evacuate Collection Set: 0.3ms
[2023-10-10T10:56:26.117+0700][gc,phases   ] GC(5)   Other: 0.1ms
[2023-10-10T10:56:26.118+0700][gc,heap     ] GC(5) Eden regions: 2->0(50)
[2023-10-10T10:56:26.118+0700][gc,heap     ] GC(5) Survivor regions: 1->1(7)
[2023-10-10T10:56:26.118+0700][gc,heap     ] GC(5) Old regions: 15->15
[2023-10-10T10:56:26.118+0700][gc,heap     ] GC(5) Humongous regions: 129->129
[2023-10-10T10:56:26.118+0700][gc,metaspace] GC(5) Metaspace: 36084K(36416K)->36084K(36416K) NonClass: 31958K(32128K)->31958K(32128K) Class: 4126K(4288K)->4126K(4288K)
[2023-10-10T10:56:26.118+0700][gc          ] GC(5) Pause Young (Concurrent Start) (Metadata GC Threshold) 146M->144M(1024M) 2.910ms
[2023-10-10T10:56:26.118+0700][gc,cpu      ] GC(5) User=0.00s Sys=0.00s Real=0.00s
[2023-10-10T10:56:26.118+0700][gc          ] GC(6) Concurrent Mark Cycle
[2023-10-10T10:56:26.118+0700][gc,marking  ] GC(6) Concurrent Scan Root Regions
[2023-10-10T10:56:26.120+0700][gc,marking  ] GC(6) Concurrent Scan Root Regions 1.908ms
[2023-10-10T10:56:26.120+0700][gc,marking  ] GC(6) Concurrent Mark
[2023-10-10T10:56:26.120+0700][gc,marking  ] GC(6) Concurrent Mark From Roots
[2023-10-10T10:56:26.120+0700][gc,task     ] GC(6) Using 1 workers of 1 for marking
[2023-10-10T10:56:26.146+0700][gc,marking  ] GC(6) Concurrent Mark From Roots 26.836ms
[2023-10-10T10:56:26.156+0700][gc,marking  ] GC(6) Concurrent Preclean
[2023-10-10T10:56:26.156+0700][gc,marking  ] GC(6) Concurrent Preclean 0.240ms
[2023-10-10T10:56:26.156+0700][gc,start    ] GC(6) Pause Remark
[2023-10-10T10:56:26.159+0700][gc          ] GC(6) Pause Remark 145M->145M(1024M) 2.739ms
[2023-10-10T10:56:26.159+0700][gc,cpu      ] GC(6) User=0.01s Sys=0.00s Real=0.00s
[2023-10-10T10:56:26.159+0700][gc,marking  ] GC(6) Concurrent Mark 39.236ms
[2023-10-10T10:56:26.159+0700][gc,marking  ] GC(6) Concurrent Rebuild Remembered Sets and Scrub Regions
[2023-10-10T10:56:26.169+0700][gc,marking  ] GC(6) Concurrent Rebuild Remembered Sets and Scrub Regions 10.142ms
[2023-10-10T10:56:26.175+0700][gc,start    ] GC(6) Pause Cleanup
[2023-10-10T10:56:26.175+0700][gc          ] GC(6) Pause Cleanup 145M->145M(1024M) 0.148ms
[2023-10-10T10:56:26.175+0700][gc,cpu      ] GC(6) User=0.00s Sys=0.00s Real=0.00s
[2023-10-10T10:56:26.175+0700][gc,marking  ] GC(6) Concurrent Clear Claimed Marks
[2023-10-10T10:56:26.175+0700][gc,marking  ] GC(6) Concurrent Clear Claimed Marks 0.035ms
[2023-10-10T10:56:26.175+0700][gc,marking  ] GC(6) Concurrent Cleanup for Next Mark
[2023-10-10T10:56:26.183+0700][gc,marking  ] GC(6) Concurrent Cleanup for Next Mark 7.551ms
[2023-10-10T10:56:26.183+0700][gc          ] GC(6) Concurrent Mark Cycle 65.158ms
[2023-10-10T11:03:36.415+0700][gc,start    ] GC(7) Pause Young (Normal) (G1 Evacuation Pause)
[2023-10-10T11:03:36.416+0700][gc,task     ] GC(7) Using 4 workers of 4 for evacuation
[2023-10-10T11:03:36.428+0700][gc,phases   ] GC(7)   Pre Evacuate Collection Set: 0.2ms
[2023-10-10T11:03:36.428+0700][gc,phases   ] GC(7)   Merge Heap Roots: 0.1ms
[2023-10-10T11:03:36.428+0700][gc,phases   ] GC(7)   Evacuate Collection Set: 10.2ms
[2023-10-10T11:03:36.428+0700][gc,phases   ] GC(7)   Post Evacuate Collection Set: 0.8ms
[2023-10-10T11:03:36.428+0700][gc,phases   ] GC(7)   Other: 0.1ms
[2023-10-10T11:03:36.428+0700][gc,heap     ] GC(7) Eden regions: 50->0(46)
[2023-10-10T11:03:36.428+0700][gc,heap     ] GC(7) Survivor regions: 1->5(7)
[2023-10-10T11:03:36.428+0700][gc,heap     ] GC(7) Old regions: 15->15
[2023-10-10T11:03:36.428+0700][gc,heap     ] GC(7) Humongous regions: 129->129
[2023-10-10T11:03:36.428+0700][gc,metaspace] GC(7) Metaspace: 41584K(42176K)->41584K(42176K) NonClass: 36704K(37056K)->36704K(37056K) Class: 4879K(5120K)->4879K(5120K)
[2023-10-10T11:03:36.428+0700][gc          ] GC(7) Pause Young (Normal) (G1 Evacuation Pause) 194M->148M(1024M) 12.885ms
[2023-10-10T11:03:36.428+0700][gc,cpu      ] GC(7) User=0.03s Sys=0.00s Real=0.01s
[2023-10-10T11:17:12.972+0700][gc,start    ] GC(8) Pause Young (Normal) (G1 Evacuation Pause)
[2023-10-10T11:17:12.974+0700][gc,task     ] GC(8) Using 4 workers of 4 for evacuation
[2023-10-10T11:17:12.993+0700][gc,phases   ] GC(8)   Pre Evacuate Collection Set: 1.5ms
[2023-10-10T11:17:12.993+0700][gc,phases   ] GC(8)   Merge Heap Roots: 0.2ms
[2023-10-10T11:17:12.993+0700][gc,phases   ] GC(8)   Evacuate Collection Set: 16.4ms
[2023-10-10T11:17:12.993+0700][gc,phases   ] GC(8)   Post Evacuate Collection Set: 0.6ms
[2023-10-10T11:17:12.993+0700][gc,phases   ] GC(8)   Other: 0.3ms
[2023-10-10T11:17:12.993+0700][gc,heap     ] GC(8) Eden regions: 46->0(49)
[2023-10-10T11:17:12.993+0700][gc,heap     ] GC(8) Survivor regions: 5->2(7)
[2023-10-10T11:17:12.993+0700][gc,heap     ] GC(8) Old regions: 15->18
[2023-10-10T11:17:12.993+0700][gc,heap     ] GC(8) Humongous regions: 129->129
[2023-10-10T11:17:12.993+0700][gc,metaspace] GC(8) Metaspace: 41841K(42496K)->41841K(42496K) NonClass: 36944K(37312K)->36944K(37312K) Class: 4896K(5184K)->4896K(5184K)
[2023-10-10T11:17:12.993+0700][gc          ] GC(8) Pause Young (Normal) (G1 Evacuation Pause) 194M->148M(1024M) 20.625ms
[2023-10-10T11:17:12.993+0700][gc,cpu      ] GC(8) User=0.03s Sys=0.03s Real=0.02s
[2023-10-10T11:29:08.096+0700][gc,start    ] GC(9) Pause Young (Normal) (G1 Evacuation Pause)
[2023-10-10T11:29:08.097+0700][gc,task     ] GC(9) Using 4 workers of 4 for evacuation
[2023-10-10T11:29:08.107+0700][gc,phases   ] GC(9)   Pre Evacuate Collection Set: 0.4ms
[2023-10-10T11:29:08.107+0700][gc,phases   ] GC(9)   Merge Heap Roots: 0.1ms
[2023-10-10T11:29:08.107+0700][gc,phases   ] GC(9)   Evacuate Collection Set: 8.3ms
[2023-10-10T11:29:08.107+0700][gc,phases   ] GC(9)   Post Evacuate Collection Set: 0.3ms
[2023-10-10T11:29:08.107+0700][gc,phases   ] GC(9)   Other: 0.4ms
[2023-10-10T11:29:08.107+0700][gc,heap     ] GC(9) Eden regions: 49->0(47)
[2023-10-10T11:29:08.107+0700][gc,heap     ] GC(9) Survivor regions: 2->4(7)
[2023-10-10T11:29:08.107+0700][gc,heap     ] GC(9) Old regions: 18->18
[2023-10-10T11:29:08.107+0700][gc,heap     ] GC(9) Humongous regions: 129->129
[2023-10-10T11:29:08.107+0700][gc,metaspace] GC(9) Metaspace: 42093K(42752K)->42093K(42752K) NonClass: 37178K(37568K)->37178K(37568K) Class: 4915K(5184K)->4915K(5184K)
[2023-10-10T11:29:08.107+0700][gc          ] GC(9) Pause Young (Normal) (G1 Evacuation Pause) 197M->150M(1024M) 11.288ms
[2023-10-10T11:29:08.107+0700][gc,cpu      ] GC(9) User=0.02s Sys=0.00s Real=0.01s
[2023-10-10T11:39:28.385+0700][gc,start    ] GC(10) Pause Young (Normal) (G1 Evacuation Pause)
[2023-10-10T11:39:28.385+0700][gc,task     ] GC(10) Using 4 workers of 4 for evacuation
[2023-10-10T11:39:28.404+0700][gc,phases   ] GC(10)   Pre Evacuate Collection Set: 2.4ms
[2023-10-10T11:39:28.404+0700][gc,phases   ] GC(10)   Merge Heap Roots: 0.2ms
[2023-10-10T11:39:28.404+0700][gc,phases   ] GC(10)   Evacuate Collection Set: 15.9ms
[2023-10-10T11:39:28.404+0700][gc,phases   ] GC(10)   Post Evacuate Collection Set: 0.5ms
[2023-10-10T11:39:28.404+0700][gc,phases   ] GC(10)   Other: 0.2ms
[2023-10-10T11:39:28.404+0700][gc,heap     ] GC(10) Eden regions: 47->0(45)
[2023-10-10T11:39:28.404+0700][gc,heap     ] GC(10) Survivor regions: 4->6(7)
[2023-10-10T11:39:28.404+0700][gc,heap     ] GC(10) Old regions: 18->18
[2023-10-10T11:39:28.404+0700][gc,heap     ] GC(10) Humongous regions: 129->129
[2023-10-10T11:39:28.404+0700][gc,metaspace] GC(10) Metaspace: 42144K(42752K)->42144K(42752K) NonClass: 37228K(37568K)->37228K(37568K) Class: 4915K(5184K)->4915K(5184K)
[2023-10-10T11:39:28.404+0700][gc          ] GC(10) Pause Young (Normal) (G1 Evacuation Pause) 197M->152M(1024M) 19.808ms
[2023-10-10T11:39:28.404+0700][gc,cpu      ] GC(10) User=0.04s Sys=0.02s Real=0.02s
[2023-10-10T12:24:38.516+0700][gc,start    ] GC(11) Pause Young (Normal) (G1 Evacuation Pause)
[2023-10-10T12:24:38.518+0700][gc,task     ] GC(11) Using 4 workers of 4 for evacuation
[2023-10-10T12:24:38.534+0700][gc,phases   ] GC(11)   Pre Evacuate Collection Set: 0.6ms
[2023-10-10T12:24:38.535+0700][gc,phases   ] GC(11)   Merge Heap Roots: 0.3ms
[2023-10-10T12:24:38.535+0700][gc,phases   ] GC(11)   Evacuate Collection Set: 14.7ms
[2023-10-10T12:24:38.535+0700][gc,phases   ] GC(11)   Post Evacuate Collection Set: 0.6ms
[2023-10-10T12:24:38.535+0700][gc,phases   ] GC(11)   Other: 0.3ms
[2023-10-10T12:24:38.535+0700][gc,heap     ] GC(11) Eden regions: 45->0(45)
[2023-10-10T12:24:38.535+0700][gc,heap     ] GC(11) Survivor regions: 6->6(7)
[2023-10-10T12:24:38.535+0700][gc,heap     ] GC(11) Old regions: 18->20
[2023-10-10T12:24:38.535+0700][gc,heap     ] GC(11) Humongous regions: 129->129
[2023-10-10T12:24:38.535+0700][gc,metaspace] GC(11) Metaspace: 42211K(42880K)->42211K(42880K) NonClass: 37295K(37696K)->37295K(37696K) Class: 4916K(5184K)->4916K(5184K)
[2023-10-10T12:24:38.535+0700][gc          ] GC(11) Pause Young (Normal) (G1 Evacuation Pause) 197M->154M(1024M) 18.195ms
[2023-10-10T12:24:38.535+0700][gc,cpu      ] GC(11) User=0.03s Sys=0.01s Real=0.02s
[2023-10-10T12:34:35.481+0700][gc,start    ] GC(12) Pause Young (Normal) (G1 Evacuation Pause)
[2023-10-10T12:34:35.481+0700][gc,task     ] GC(12) Using 4 workers of 4 for evacuation
[2023-10-10T12:34:35.491+0700][gc,phases   ] GC(12)   Pre Evacuate Collection Set: 0.2ms
[2023-10-10T12:34:35.492+0700][gc,phases   ] GC(12)   Merge Heap Roots: 0.1ms
[2023-10-10T12:34:35.492+0700][gc,phases   ] GC(12)   Evacuate Collection Set: 10.0ms
[2023-10-10T12:34:35.492+0700][gc,phases   ] GC(12)   Post Evacuate Collection Set: 0.3ms
[2023-10-10T12:34:35.492+0700][gc,phases   ] GC(12)   Other: 0.1ms
[2023-10-10T12:34:35.492+0700][gc,heap     ] GC(12) Eden regions: 45->0(45)
[2023-10-10T12:34:35.492+0700][gc,heap     ] GC(12) Survivor regions: 6->6(7)
[2023-10-10T12:34:35.492+0700][gc,heap     ] GC(12) Old regions: 20->22
[2023-10-10T12:34:35.492+0700][gc,heap     ] GC(12) Humongous regions: 129->129
[2023-10-10T12:34:35.492+0700][gc,metaspace] GC(12) Metaspace: 42273K(42944K)->42273K(42944K) NonClass: 37352K(37760K)->37352K(37760K) Class: 4920K(5184K)->4920K(5184K)
[2023-10-10T12:34:35.492+0700][gc          ] GC(12) Pause Young (Normal) (G1 Evacuation Pause) 199M->156M(1024M) 11.104ms
[2023-10-10T12:34:35.492+0700][gc,cpu      ] GC(12) User=0.04s Sys=0.00s Real=0.01s
[2023-10-10T12:45:09.740+0700][gc,start    ] GC(13) Pause Young (Normal) (G1 Evacuation Pause)
[2023-10-10T12:45:09.743+0700][gc,task     ] GC(13) Using 4 workers of 4 for evacuation
[2023-10-10T12:45:09.753+0700][gc,phases   ] GC(13)   Pre Evacuate Collection Set: 0.2ms
[2023-10-10T12:45:09.753+0700][gc,phases   ] GC(13)   Merge Heap Roots: 0.1ms
[2023-10-10T12:45:09.753+0700][gc,phases   ] GC(13)   Evacuate Collection Set: 9.0ms
[2023-10-10T12:45:09.753+0700][gc,phases   ] GC(13)   Post Evacuate Collection Set: 0.3ms
[2023-10-10T12:45:09.753+0700][gc,phases   ] GC(13)   Other: 0.1ms
[2023-10-10T12:45:09.753+0700][gc,heap     ] GC(13) Eden regions: 45->0(49)
[2023-10-10T12:45:09.753+0700][gc,heap     ] GC(13) Survivor regions: 6->2(7)
[2023-10-10T12:45:09.753+0700][gc,heap     ] GC(13) Old regions: 22->26
[2023-10-10T12:45:09.753+0700][gc,heap     ] GC(13) Humongous regions: 129->129
[2023-10-10T12:45:09.753+0700][gc,metaspace] GC(13) Metaspace: 42286K(42944K)->42286K(42944K) NonClass: 37366K(37760K)->37366K(37760K) Class: 4920K(5184K)->4920K(5184K)
[2023-10-10T12:45:09.753+0700][gc          ] GC(13) Pause Young (Normal) (G1 Evacuation Pause) 201M->156M(1024M) 12.768ms
[2023-10-10T12:45:09.753+0700][gc,cpu      ] GC(13) User=0.03s Sys=0.01s Real=0.01s
[2023-10-10T14:08:25.885+0700][gc,start    ] GC(14) Pause Young (Normal) (G1 Evacuation Pause)
[2023-10-10T14:08:25.886+0700][gc,task     ] GC(14) Using 4 workers of 4 for evacuation
[2023-10-10T14:08:25.896+0700][gc,phases   ] GC(14)   Pre Evacuate Collection Set: 2.6ms
[2023-10-10T14:08:25.897+0700][gc,phases   ] GC(14)   Merge Heap Roots: 0.2ms
[2023-10-10T14:08:25.897+0700][gc,phases   ] GC(14)   Evacuate Collection Set: 6.5ms
[2023-10-10T14:08:25.897+0700][gc,phases   ] GC(14)   Post Evacuate Collection Set: 0.7ms
[2023-10-10T14:08:25.897+0700][gc,phases   ] GC(14)   Other: 0.3ms
[2023-10-10T14:08:25.897+0700][gc,heap     ] GC(14) Eden regions: 66->0(47)
[2023-10-10T14:08:25.897+0700][gc,heap     ] GC(14) Survivor regions: 2->4(9)
[2023-10-10T14:08:25.897+0700][gc,heap     ] GC(14) Old regions: 26->26
[2023-10-10T14:08:25.897+0700][gc,heap     ] GC(14) Humongous regions: 129->129
[2023-10-10T14:08:25.897+0700][gc,metaspace] GC(14) Metaspace: 42312K(42944K)->42312K(42944K) NonClass: 37391K(37760K)->37391K(37760K) Class: 4920K(5184K)->4920K(5184K)
[2023-10-10T14:08:25.897+0700][gc          ] GC(14) Pause Young (Normal) (G1 Evacuation Pause) 222M->157M(1024M) 12.016ms
[2023-10-10T14:08:25.897+0700][gc,cpu      ] GC(14) User=0.03s Sys=0.02s Real=0.01s
[2023-10-10T14:19:53.113+0700][gc,start    ] GC(15) Pause Young (Normal) (G1 Evacuation Pause)
[2023-10-10T14:19:53.114+0700][gc,task     ] GC(15) Using 4 workers of 4 for evacuation
[2023-10-10T14:19:53.126+0700][gc,phases   ] GC(15)   Pre Evacuate Collection Set: 0.5ms
[2023-10-10T14:19:53.126+0700][gc,phases   ] GC(15)   Merge Heap Roots: 0.2ms
[2023-10-10T14:19:53.126+0700][gc,phases   ] GC(15)   Evacuate Collection Set: 10.0ms
[2023-10-10T14:19:53.126+0700][gc,phases   ] GC(15)   Post Evacuate Collection Set: 0.5ms
[2023-10-10T14:19:53.126+0700][gc,phases   ] GC(15)   Other: 0.2ms
[2023-10-10T14:19:53.126+0700][gc,heap     ] GC(15) Eden regions: 49->0(51)
[2023-10-10T14:19:53.126+0700][gc,heap     ] GC(15) Survivor regions: 4->4(7)
[2023-10-10T14:19:53.126+0700][gc,heap     ] GC(15) Old regions: 26->26
[2023-10-10T14:19:53.126+0700][gc,heap     ] GC(15) Humongous regions: 129->129
[2023-10-10T14:19:53.126+0700][gc,metaspace] GC(15) Metaspace: 42322K(42944K)->42322K(42944K) NonClass: 37401K(37760K)->37401K(37760K) Class: 4920K(5184K)->4920K(5184K)
[2023-10-10T14:19:53.126+0700][gc          ] GC(15) Pause Young (Normal) (G1 Evacuation Pause) 206M->158M(1024M) 13.046ms
[2023-10-10T14:19:53.126+0700][gc,cpu      ] GC(15) User=0.02s Sys=0.01s Real=0.01s
[2023-10-10T14:34:15.852+0700][gc,start    ] GC(16) Pause Young (Normal) (G1 Evacuation Pause)
[2023-10-10T14:34:15.853+0700][gc,task     ] GC(16) Using 4 workers of 4 for evacuation
[2023-10-10T14:34:15.863+0700][gc,phases   ] GC(16)   Pre Evacuate Collection Set: 0.3ms
[2023-10-10T14:34:15.863+0700][gc,phases   ] GC(16)   Merge Heap Roots: 0.2ms
[2023-10-10T14:34:15.863+0700][gc,phases   ] GC(16)   Evacuate Collection Set: 9.4ms
[2023-10-10T14:34:15.863+0700][gc,phases   ] GC(16)   Post Evacuate Collection Set: 0.3ms
[2023-10-10T14:34:15.863+0700][gc,phases   ] GC(16)   Other: 0.1ms
[2023-10-10T14:34:15.863+0700][gc,heap     ] GC(16) Eden regions: 61->0(55)
[2023-10-10T14:34:15.863+0700][gc,heap     ] GC(16) Survivor regions: 4->5(9)
[2023-10-10T14:34:15.863+0700][gc,heap     ] GC(16) Old regions: 26->26
[2023-10-10T14:34:15.863+0700][gc,heap     ] GC(16) Humongous regions: 129->129
[2023-10-10T14:34:15.863+0700][gc,metaspace] GC(16) Metaspace: 42330K(42944K)->42330K(42944K) NonClass: 37409K(37760K)->37409K(37760K) Class: 4920K(5184K)->4920K(5184K)
[2023-10-10T14:34:15.863+0700][gc          ] GC(16) Pause Young (Normal) (G1 Evacuation Pause) 219M->159M(1024M) 11.809ms
[2023-10-10T14:34:15.864+0700][gc,cpu      ] GC(16) User=0.03s Sys=0.01s Real=0.01s
[2023-10-10T14:47:27.775+0700][gc,start    ] GC(17) Pause Young (Normal) (G1 Evacuation Pause)
[2023-10-10T14:47:27.777+0700][gc,task     ] GC(17) Using 4 workers of 4 for evacuation
[2023-10-10T14:47:27.791+0700][gc,phases   ] GC(17)   Pre Evacuate Collection Set: 2.6ms
[2023-10-10T14:47:27.791+0700][gc,phases   ] GC(17)   Merge Heap Roots: 0.2ms
[2023-10-10T14:47:27.791+0700][gc,phases   ] GC(17)   Evacuate Collection Set: 10.3ms
[2023-10-10T14:47:27.791+0700][gc,phases   ] GC(17)   Post Evacuate Collection Set: 0.5ms
[2023-10-10T14:47:27.791+0700][gc,phases   ] GC(17)   Other: 0.3ms
[2023-10-10T14:47:27.791+0700][gc,heap     ] GC(17) Eden regions: 59->0(107)
[2023-10-10T14:47:27.791+0700][gc,heap     ] GC(17) Survivor regions: 5->4(8)
[2023-10-10T14:47:27.791+0700][gc,heap     ] GC(17) Old regions: 26->27
[2023-10-10T14:47:27.791+0700][gc,heap     ] GC(17) Humongous regions: 129->129
[2023-10-10T14:47:27.791+0700][gc,metaspace] GC(17) Metaspace: 42344K(42944K)->42344K(42944K) NonClass: 37423K(37760K)->37423K(37760K) Class: 4920K(5184K)->4920K(5184K)
[2023-10-10T14:47:27.791+0700][gc          ] GC(17) Pause Young (Normal) (G1 Evacuation Pause) 218M->159M(1024M) 15.488ms
[2023-10-10T14:47:27.791+0700][gc,cpu      ] GC(17) User=0.02s Sys=0.01s Real=0.02s
[2023-10-10T15:46:57.770+0700][gc,start    ] GC(18) Pause Young (Normal) (G1 Evacuation Pause)
[2023-10-10T15:46:57.771+0700][gc,task     ] GC(18) Using 4 workers of 4 for evacuation
[2023-10-10T15:46:57.780+0700][gc,phases   ] GC(18)   Pre Evacuate Collection Set: 0.4ms
[2023-10-10T15:46:57.780+0700][gc,phases   ] GC(18)   Merge Heap Roots: 0.1ms
[2023-10-10T15:46:57.780+0700][gc,phases   ] GC(18)   Evacuate Collection Set: 8.1ms
[2023-10-10T15:46:57.780+0700][gc,phases   ] GC(18)   Post Evacuate Collection Set: 0.4ms
[2023-10-10T15:46:57.780+0700][gc,phases   ] GC(18)   Other: 0.2ms
[2023-10-10T15:46:57.780+0700][gc,heap     ] GC(18) Eden regions: 96->0(188)
[2023-10-10T15:46:57.780+0700][gc,heap     ] GC(18) Survivor regions: 4->5(13)
[2023-10-10T15:46:57.780+0700][gc,heap     ] GC(18) Old regions: 27->27
[2023-10-10T15:46:57.780+0700][gc,heap     ] GC(18) Humongous regions: 129->129
[2023-10-10T15:46:57.780+0700][gc,metaspace] GC(18) Metaspace: 42351K(42944K)->42351K(42944K) NonClass: 37430K(37760K)->37430K(37760K) Class: 4920K(5184K)->4920K(5184K)
[2023-10-10T15:46:57.780+0700][gc          ] GC(18) Pause Young (Normal) (G1 Evacuation Pause) 255M->159M(1024M) 9.905ms
[2023-10-10T15:46:57.780+0700][gc,cpu      ] GC(18) User=0.03s Sys=0.00s Real=0.01s
[2023-10-10T16:50:26.151+0700][gc,start    ] GC(19) Pause Young (Normal) (G1 Evacuation Pause)
[2023-10-10T16:50:26.153+0700][gc,task     ] GC(19) Using 4 workers of 4 for evacuation
[2023-10-10T16:50:26.179+0700][gc,mmu      ] GC(19) MMU target violated: 21.0ms (20.0ms/21.0ms)
[2023-10-10T16:50:26.179+0700][gc,phases   ] GC(19)   Pre Evacuate Collection Set: 3.1ms
[2023-10-10T16:50:26.179+0700][gc,phases   ] GC(19)   Merge Heap Roots: 0.3ms
[2023-10-10T16:50:26.179+0700][gc,phases   ] GC(19)   Evacuate Collection Set: 20.1ms
[2023-10-10T16:50:26.179+0700][gc,phases   ] GC(19)   Post Evacuate Collection Set: 1.9ms
[2023-10-10T16:50:26.179+0700][gc,phases   ] GC(19)   Other: 0.5ms
[2023-10-10T16:50:26.179+0700][gc,heap     ] GC(19) Eden regions: 184->0(46)
[2023-10-10T16:50:26.179+0700][gc,heap     ] GC(19) Survivor regions: 5->5(24)
[2023-10-10T16:50:26.179+0700][gc,heap     ] GC(19) Old regions: 27->27
[2023-10-10T16:50:26.179+0700][gc,heap     ] GC(19) Humongous regions: 129->129
[2023-10-10T16:50:26.179+0700][gc,metaspace] GC(19) Metaspace: 42358K(42944K)->42358K(42944K) NonClass: 37437K(37760K)->37437K(37760K) Class: 4920K(5184K)->4920K(5184K)
[2023-10-10T16:50:26.180+0700][gc          ] GC(19) Pause Young (Normal) (G1 Evacuation Pause) 343M->160M(1024M) 28.102ms
[2023-10-10T16:50:26.180+0700][gc,cpu      ] GC(19) User=0.02s Sys=0.03s Real=0.03s
[2023-10-10T17:01:10.667+0700][gc,start    ] GC(20) Pause Young (Normal) (G1 Evacuation Pause)
[2023-10-10T17:01:10.669+0700][gc,task     ] GC(20) Using 4 workers of 4 for evacuation
[2023-10-10T17:01:10.697+0700][gc,mmu      ] GC(20) MMU target violated: 21.0ms (20.0ms/21.0ms)
[2023-10-10T17:01:10.697+0700][gc,phases   ] GC(20)   Pre Evacuate Collection Set: 2.4ms
[2023-10-10T17:01:10.697+0700][gc,phases   ] GC(20)   Merge Heap Roots: 0.2ms
[2023-10-10T17:01:10.697+0700][gc,phases   ] GC(20)   Evacuate Collection Set: 24.4ms
[2023-10-10T17:01:10.697+0700][gc,phases   ] GC(20)   Post Evacuate Collection Set: 1.2ms
[2023-10-10T17:01:10.697+0700][gc,phases   ] GC(20)   Other: 0.6ms
[2023-10-10T17:01:10.697+0700][gc,heap     ] GC(20) Eden regions: 46->0(47)
[2023-10-10T17:01:10.697+0700][gc,heap     ] GC(20) Survivor regions: 5->4(7)
[2023-10-10T17:01:10.697+0700][gc,heap     ] GC(20) Old regions: 27->28
[2023-10-10T17:01:10.697+0700][gc,heap     ] GC(20) Humongous regions: 129->129
[2023-10-10T17:01:10.697+0700][gc,metaspace] GC(20) Metaspace: 42360K(42944K)->42360K(42944K) NonClass: 37439K(37760K)->37439K(37760K) Class: 4920K(5184K)->4920K(5184K)
[2023-10-10T17:01:10.697+0700][gc          ] GC(20) Pause Young (Normal) (G1 Evacuation Pause) 206M->160M(1024M) 30.560ms
[2023-10-10T17:01:10.697+0700][gc,cpu      ] GC(20) User=0.02s Sys=0.03s Real=0.03s
[2023-10-10T17:12:19.783+0700][gc,start    ] GC(21) Pause Young (Normal) (G1 Evacuation Pause)
[2023-10-10T17:12:19.785+0700][gc,task     ] GC(21) Using 4 workers of 4 for evacuation
[2023-10-10T17:12:19.814+0700][gc,mmu      ] GC(21) MMU target violated: 21.0ms (20.0ms/21.0ms)
[2023-10-10T17:12:19.814+0700][gc,phases   ] GC(21)   Pre Evacuate Collection Set: 1.7ms
[2023-10-10T17:12:19.814+0700][gc,phases   ] GC(21)   Merge Heap Roots: 0.3ms
[2023-10-10T17:12:19.814+0700][gc,phases   ] GC(21)   Evacuate Collection Set: 25.3ms
[2023-10-10T17:12:19.814+0700][gc,phases   ] GC(21)   Post Evacuate Collection Set: 1.7ms
[2023-10-10T17:12:19.814+0700][gc,phases   ] GC(21)   Other: 0.6ms
[2023-10-10T17:12:19.814+0700][gc,heap     ] GC(21) Eden regions: 47->0(47)
[2023-10-10T17:12:19.814+0700][gc,heap     ] GC(21) Survivor regions: 4->4(7)
[2023-10-10T17:12:19.814+0700][gc,heap     ] GC(21) Old regions: 28->28
[2023-10-10T17:12:19.814+0700][gc,heap     ] GC(21) Humongous regions: 129->129
[2023-10-10T17:12:19.814+0700][gc,metaspace] GC(21) Metaspace: 42361K(42944K)->42361K(42944K) NonClass: 37440K(37760K)->37440K(37760K) Class: 4920K(5184K)->4920K(5184K)
[2023-10-10T17:12:19.814+0700][gc          ] GC(21) Pause Young (Normal) (G1 Evacuation Pause) 207M->160M(1024M) 31.609ms
[2023-10-10T17:12:19.814+0700][gc,cpu      ] GC(21) User=0.02s Sys=0.06s Real=0.03s
[2023-10-10T17:23:30.166+0700][gc,start    ] GC(22) Pause Young (Normal) (G1 Evacuation Pause)
[2023-10-10T17:23:30.168+0700][gc,task     ] GC(22) Using 4 workers of 4 for evacuation
[2023-10-10T17:23:30.180+0700][gc,phases   ] GC(22)   Pre Evacuate Collection Set: 0.3ms
[2023-10-10T17:23:30.181+0700][gc,phases   ] GC(22)   Merge Heap Roots: 0.1ms
[2023-10-10T17:23:30.181+0700][gc,phases   ] GC(22)   Evacuate Collection Set: 10.3ms
[2023-10-10T17:23:30.181+0700][gc,phases   ] GC(22)   Post Evacuate Collection Set: 1.2ms
[2023-10-10T17:23:30.181+0700][gc,phases   ] GC(22)   Other: 0.2ms
[2023-10-10T17:23:30.181+0700][gc,heap     ] GC(22) Eden regions: 47->0(47)
[2023-10-10T17:23:30.181+0700][gc,heap     ] GC(22) Survivor regions: 4->4(7)
[2023-10-10T17:23:30.181+0700][gc,heap     ] GC(22) Old regions: 28->29
[2023-10-10T17:23:30.181+0700][gc,heap     ] GC(22) Humongous regions: 129->129
[2023-10-10T17:23:30.181+0700][gc,metaspace] GC(22) Metaspace: 42362K(42944K)->42362K(42944K) NonClass: 37441K(37760K)->37441K(37760K) Class: 4920K(5184K)->4920K(5184K)
[2023-10-10T17:23:30.181+0700][gc          ] GC(22) Pause Young (Normal) (G1 Evacuation Pause) 207M->160M(1024M) 14.390ms
[2023-10-10T17:23:30.181+0700][gc,cpu      ] GC(22) User=0.02s Sys=0.01s Real=0.02s
[2023-10-10T17:38:00.800+0700][gc,start    ] GC(23) Pause Young (Normal) (G1 Evacuation Pause)
[2023-10-10T17:38:00.802+0700][gc,task     ] GC(23) Using 4 workers of 4 for evacuation
[2023-10-10T17:38:00.826+0700][gc,mmu      ] GC(23) MMU target violated: 21.0ms (20.0ms/21.0ms)
[2023-10-10T17:38:00.827+0700][gc,phases   ] GC(23)   Pre Evacuate Collection Set: 2.0ms
[2023-10-10T17:38:00.827+0700][gc,phases   ] GC(23)   Merge Heap Roots: 0.2ms
[2023-10-10T17:38:00.827+0700][gc,phases   ] GC(23)   Evacuate Collection Set: 19.4ms
[2023-10-10T17:38:00.827+0700][gc,phases   ] GC(23)   Post Evacuate Collection Set: 2.2ms
[2023-10-10T17:38:00.827+0700][gc,phases   ] GC(23)   Other: 0.5ms
[2023-10-10T17:38:00.827+0700][gc,heap     ] GC(23) Eden regions: 64->0(48)
[2023-10-10T17:38:00.827+0700][gc,heap     ] GC(23) Survivor regions: 4->3(9)
[2023-10-10T17:38:00.827+0700][gc,heap     ] GC(23) Old regions: 29->29
[2023-10-10T17:38:00.827+0700][gc,heap     ] GC(23) Humongous regions: 129->129
[2023-10-10T17:38:00.827+0700][gc,metaspace] GC(23) Metaspace: 42379K(42944K)->42379K(42944K) NonClass: 37458K(37760K)->37458K(37760K) Class: 4920K(5184K)->4920K(5184K)
[2023-10-10T17:38:00.827+0700][gc          ] GC(23) Pause Young (Normal) (G1 Evacuation Pause) 224M->159M(1024M) 26.368ms
[2023-10-10T17:38:00.827+0700][gc,cpu      ] GC(23) User=0.02s Sys=0.02s Real=0.02s
[2023-10-10T17:49:20.148+0700][gc,start    ] GC(24) Pause Young (Normal) (G1 Evacuation Pause)
[2023-10-10T17:49:20.149+0700][gc,task     ] GC(24) Using 4 workers of 4 for evacuation
[2023-10-10T17:49:20.178+0700][gc,mmu      ] GC(24) MMU target violated: 21.0ms (20.0ms/21.0ms)
[2023-10-10T17:49:20.216+0700][gc,phases   ] GC(24)   Pre Evacuate Collection Set: 1.6ms
[2023-10-10T17:49:20.223+0700][gc,phases   ] GC(24)   Merge Heap Roots: 0.3ms
[2023-10-10T17:49:20.223+0700][gc,phases   ] GC(24)   Evacuate Collection Set: 22.4ms
[2023-10-10T17:49:20.223+0700][gc,phases   ] GC(24)   Post Evacuate Collection Set: 4.0ms
[2023-10-10T17:49:20.223+0700][gc,phases   ] GC(24)   Other: 38.8ms
[2023-10-10T17:49:20.223+0700][gc,heap     ] GC(24) Eden regions: 48->0(47)
[2023-10-10T17:49:20.223+0700][gc,heap     ] GC(24) Survivor regions: 3->4(7)
[2023-10-10T17:49:20.223+0700][gc,heap     ] GC(24) Old regions: 29->29
[2023-10-10T17:49:20.223+0700][gc,heap     ] GC(24) Humongous regions: 129->129
[2023-10-10T17:49:20.223+0700][gc,metaspace] GC(24) Metaspace: 42382K(42944K)->42382K(42944K) NonClass: 37461K(37760K)->37461K(37760K) Class: 4920K(5184K)->4920K(5184K)
[2023-10-10T17:49:20.223+0700][gc          ] GC(24) Pause Young (Normal) (G1 Evacuation Pause) 207M->160M(1024M) 75.080ms
[2023-10-10T17:49:20.223+0700][gc,cpu      ] GC(24) User=0.02s Sys=0.02s Real=0.08s
[2023-10-11T08:53:40.380+0700][gc,start    ] GC(25) Pause Young (Normal) (G1 Evacuation Pause)
[2023-10-11T08:53:40.381+0700][gc,task     ] GC(25) Using 4 workers of 4 for evacuation
[2023-10-11T08:53:40.389+0700][gc,phases   ] GC(25)   Pre Evacuate Collection Set: 0.3ms
[2023-10-11T08:53:40.389+0700][gc,phases   ] GC(25)   Merge Heap Roots: 0.1ms
[2023-10-11T08:53:40.389+0700][gc,phases   ] GC(25)   Evacuate Collection Set: 7.1ms
[2023-10-11T08:53:40.389+0700][gc,phases   ] GC(25)   Post Evacuate Collection Set: 0.3ms
[2023-10-11T08:53:40.389+0700][gc,phases   ] GC(25)   Other: 0.2ms
[2023-10-11T08:53:40.389+0700][gc,heap     ] GC(25) Eden regions: 47->0(48)
[2023-10-11T08:53:40.389+0700][gc,heap     ] GC(25) Survivor regions: 4->3(7)
[2023-10-11T08:53:40.389+0700][gc,heap     ] GC(25) Old regions: 29->29
[2023-10-11T08:53:40.389+0700][gc,heap     ] GC(25) Humongous regions: 129->129
[2023-10-11T08:53:40.389+0700][gc,metaspace] GC(25) Metaspace: 42393K(43008K)->42393K(43008K) NonClass: 37472K(37824K)->37472K(37824K) Class: 4920K(5184K)->4920K(5184K)
[2023-10-11T08:53:40.389+0700][gc          ] GC(25) Pause Young (Normal) (G1 Evacuation Pause) 207M->159M(1024M) 9.607ms
[2023-10-11T08:53:40.389+0700][gc,cpu      ] GC(25) User=0.02s Sys=0.01s Real=0.00s
[2023-10-11T09:05:42.661+0700][gc,start    ] GC(26) Pause Young (Normal) (G1 Evacuation Pause)
[2023-10-11T09:05:42.663+0700][gc,task     ] GC(26) Using 4 workers of 4 for evacuation
[2023-10-11T09:05:42.669+0700][gc,phases   ] GC(26)   Pre Evacuate Collection Set: 0.4ms
[2023-10-11T09:05:42.669+0700][gc,phases   ] GC(26)   Merge Heap Roots: 0.1ms
[2023-10-11T09:05:42.669+0700][gc,phases   ] GC(26)   Evacuate Collection Set: 5.1ms
[2023-10-11T09:05:42.669+0700][gc,phases   ] GC(26)   Post Evacuate Collection Set: 0.3ms
[2023-10-11T09:05:42.669+0700][gc,phases   ] GC(26)   Other: 0.2ms
[2023-10-11T09:05:42.669+0700][gc,heap     ] GC(26) Eden regions: 48->0(154)
[2023-10-11T09:05:42.669+0700][gc,heap     ] GC(26) Survivor regions: 3->3(7)
[2023-10-11T09:05:42.669+0700][gc,heap     ] GC(26) Old regions: 29->29
[2023-10-11T09:05:42.669+0700][gc,heap     ] GC(26) Humongous regions: 129->129
[2023-10-11T09:05:42.669+0700][gc,metaspace] GC(26) Metaspace: 42398K(43072K)->42398K(43072K) NonClass: 37477K(37888K)->37477K(37888K) Class: 4920K(5184K)->4920K(5184K)
[2023-10-11T09:05:42.669+0700][gc          ] GC(26) Pause Young (Normal) (G1 Evacuation Pause) 207M->159M(1024M) 7.550ms
[2023-10-11T09:05:42.669+0700][gc,cpu      ] GC(26) User=0.02s Sys=0.01s Real=0.00s
[2023-10-11T09:53:57.841+0700][gc,start    ] GC(27) Pause Young (Normal) (G1 Evacuation Pause)
[2023-10-11T09:53:57.842+0700][gc,task     ] GC(27) Using 4 workers of 4 for evacuation
[2023-10-11T09:53:57.856+0700][gc,phases   ] GC(27)   Pre Evacuate Collection Set: 1.5ms
[2023-10-11T09:53:57.856+0700][gc,phases   ] GC(27)   Merge Heap Roots: 0.2ms
[2023-10-11T09:53:57.856+0700][gc,phases   ] GC(27)   Evacuate Collection Set: 10.9ms
[2023-10-11T09:53:57.856+0700][gc,phases   ] GC(27)   Post Evacuate Collection Set: 1.3ms
[2023-10-11T09:53:57.856+0700][gc,phases   ] GC(27)   Other: 0.3ms
[2023-10-11T09:53:57.856+0700][gc,heap     ] GC(27) Eden regions: 199->0(430)
[2023-10-11T09:53:57.856+0700][gc,heap     ] GC(27) Survivor regions: 3->3(26)
[2023-10-11T09:53:57.856+0700][gc,heap     ] GC(27) Old regions: 29->29
[2023-10-11T09:53:57.856+0700][gc,heap     ] GC(27) Humongous regions: 129->129
[2023-10-11T09:53:57.856+0700][gc,metaspace] GC(27) Metaspace: 42407K(43072K)->42407K(43072K) NonClass: 37486K(37888K)->37486K(37888K) Class: 4920K(5184K)->4920K(5184K)
[2023-10-11T09:53:57.856+0700][gc          ] GC(27) Pause Young (Normal) (G1 Evacuation Pause) 358M->160M(1024M) 15.301ms
[2023-10-11T09:53:57.856+0700][gc,cpu      ] GC(27) User=0.02s Sys=0.02s Real=0.01s
[2023-10-11T13:18:46.049+0700][gc,start    ] GC(28) Pause Young (Normal) (G1 Evacuation Pause)
[2023-10-11T13:18:46.052+0700][gc,task     ] GC(28) Using 4 workers of 4 for evacuation
[2023-10-11T13:18:46.071+0700][gc,phases   ] GC(28)   Pre Evacuate Collection Set: 3.5ms
[2023-10-11T13:18:46.071+0700][gc,phases   ] GC(28)   Merge Heap Roots: 0.4ms
[2023-10-11T13:18:46.071+0700][gc,phases   ] GC(28)   Evacuate Collection Set: 12.7ms
[2023-10-11T13:18:46.071+0700][gc,phases   ] GC(28)   Post Evacuate Collection Set: 2.1ms
[2023-10-11T13:18:46.071+0700][gc,phases   ] GC(28)   Other: 0.8ms
[2023-10-11T13:18:46.071+0700][gc,heap     ] GC(28) Eden regions: 568->0(605)
[2023-10-11T13:18:46.071+0700][gc,heap     ] GC(28) Survivor regions: 3->2(72)
[2023-10-11T13:18:46.071+0700][gc,heap     ] GC(28) Old regions: 29->29
[2023-10-11T13:18:46.071+0700][gc,heap     ] GC(28) Humongous regions: 129->129
[2023-10-11T13:18:46.071+0700][gc,metaspace] GC(28) Metaspace: 42432K(43072K)->42432K(43072K) NonClass: 37511K(37888K)->37511K(37888K) Class: 4920K(5184K)->4920K(5184K)
[2023-10-11T13:18:46.071+0700][gc          ] GC(28) Pause Young (Normal) (G1 Evacuation Pause) 728M->159M(1024M) 22.558ms
[2023-10-11T13:18:46.071+0700][gc,cpu      ] GC(28) User=0.02s Sys=0.04s Real=0.03s
