[2023-10-10T10:48:26.218+0700][gc,init] CardTable entry size: 512
[2023-10-10T10:48:26.218+0700][gc     ] Using G1
[2023-10-10T10:48:26.227+0700][gc,init] Version: 21+35-LTS-2513 (release)
[2023-10-10T10:48:26.227+0700][gc,init] CPUs: 4 total, 4 available
[2023-10-10T10:48:26.227+0700][gc,init] Memory: 8192M
[2023-10-10T10:48:26.227+0700][gc,init] Large Page Support: Disabled
[2023-10-10T10:48:26.227+0700][gc,init] NUMA Support: Disabled
[2023-10-10T10:48:26.227+0700][gc,init] Compressed Oops: Enabled (Zero based)
[2023-10-10T10:48:26.227+0700][gc,init] Heap Region Size: 1M
[2023-10-10T10:48:26.227+0700][gc,init] Heap Min Capacity: 1G
[2023-10-10T10:48:26.227+0700][gc,init] Heap Initial Capacity: 1G
[2023-10-10T10:48:26.227+0700][gc,init] Heap Max Capacity: 1G
[2023-10-10T10:48:26.227+0700][gc,init] Pre-touch: Disabled
[2023-10-10T10:48:26.227+0700][gc,init] Parallel Workers: 4
[2023-10-10T10:48:26.227+0700][gc,init] Concurrent Workers: 1
[2023-10-10T10:48:26.227+0700][gc,init] Concurrent Refinement Workers: 4
[2023-10-10T10:48:26.227+0700][gc,init] Periodic GC: Disabled
[2023-10-10T10:48:26.235+0700][gc,metaspace] CDS archive(s) mapped at: [0x000000012d000000-0x000000012dca4000-0x000000012dca4000), size 13254656, SharedBaseAddress: 0x000000012d000000, ArchiveRelocationMode: 1.
[2023-10-10T10:48:26.236+0700][gc,metaspace] Compressed class space mapped at: 0x000000012e000000-0x000000016e000000, reserved size: 1073741824
[2023-10-10T10:48:26.236+0700][gc,metaspace] Narrow klass base: 0x000000012d000000, Narrow klass shift: 0, Narrow klass range: 0x100000000
[2023-10-10T10:48:33.751+0700][gc,start    ] GC(0) Pause Young (Normal) (G1 Evacuation Pause)
[2023-10-10T10:48:33.751+0700][gc,task     ] GC(0) Using 4 workers of 4 for evacuation
[2023-10-10T10:48:33.763+0700][gc,phases   ] GC(0)   Pre Evacuate Collection Set: 0.2ms
[2023-10-10T10:48:33.763+0700][gc,phases   ] GC(0)   Merge Heap Roots: 0.1ms
[2023-10-10T10:48:33.763+0700][gc,phases   ] GC(0)   Evacuate Collection Set: 10.5ms
[2023-10-10T10:48:33.763+0700][gc,phases   ] GC(0)   Post Evacuate Collection Set: 0.9ms
[2023-10-10T10:48:33.763+0700][gc,phases   ] GC(0)   Other: 0.3ms
[2023-10-10T10:48:33.763+0700][gc,heap     ] GC(0) Eden regions: 51->0(44)
[2023-10-10T10:48:33.763+0700][gc,heap     ] GC(0) Survivor regions: 0->7(7)
[2023-10-10T10:48:33.763+0700][gc,heap     ] GC(0) Old regions: 2->3
[2023-10-10T10:48:33.763+0700][gc,heap     ] GC(0) Humongous regions: 0->0
[2023-10-10T10:48:33.763+0700][gc,metaspace] GC(0) Metaspace: 18303K(18496K)->18303K(18496K) NonClass: 16208K(16320K)->16208K(16320K) Class: 2095K(2176K)->2095K(2176K)
[2023-10-10T10:48:33.763+0700][gc          ] GC(0) Pause Young (Normal) (G1 Evacuation Pause) 52M->8M(1024M) 12.628ms
[2023-10-10T10:48:33.763+0700][gc,cpu      ] GC(0) User=0.02s Sys=0.00s Real=0.01s
[2023-10-10T10:48:34.450+0700][gc,start    ] GC(1) Pause Young (Concurrent Start) (Metadata GC Threshold)
[2023-10-10T10:48:34.450+0700][gc,task     ] GC(1) Using 4 workers of 4 for evacuation
[2023-10-10T10:48:34.460+0700][gc,phases   ] GC(1)   Pre Evacuate Collection Set: 0.2ms
[2023-10-10T10:48:34.460+0700][gc,phases   ] GC(1)   Merge Heap Roots: 0.0ms
[2023-10-10T10:48:34.460+0700][gc,phases   ] GC(1)   Evacuate Collection Set: 9.7ms
[2023-10-10T10:48:34.460+0700][gc,phases   ] GC(1)   Post Evacuate Collection Set: 0.5ms
[2023-10-10T10:48:34.460+0700][gc,phases   ] GC(1)   Other: 0.1ms
[2023-10-10T10:48:34.460+0700][gc,heap     ] GC(1) Eden regions: 13->0(49)
[2023-10-10T10:48:34.460+0700][gc,heap     ] GC(1) Survivor regions: 7->2(7)
[2023-10-10T10:48:34.460+0700][gc,heap     ] GC(1) Old regions: 3->10
[2023-10-10T10:48:34.460+0700][gc,heap     ] GC(1) Humongous regions: 129->129
[2023-10-10T10:48:34.460+0700][gc,metaspace] GC(1) Metaspace: 21236K(21504K)->21236K(21504K) NonClass: 18751K(18880K)->18751K(18880K) Class: 2484K(2624K)->2484K(2624K)
[2023-10-10T10:48:34.460+0700][gc          ] GC(1) Pause Young (Concurrent Start) (Metadata GC Threshold) 149M->139M(1024M) 10.751ms
[2023-10-10T10:48:34.461+0700][gc          ] GC(2) Concurrent Mark Cycle
[2023-10-10T10:48:34.461+0700][gc,cpu      ] GC(1) User=0.03s Sys=0.00s Real=0.01s
[2023-10-10T10:48:34.461+0700][gc,marking  ] GC(2) Concurrent Scan Root Regions
[2023-10-10T10:48:34.470+0700][gc,marking  ] GC(2) Concurrent Scan Root Regions 9.303ms
[2023-10-10T10:48:34.470+0700][gc,marking  ] GC(2) Concurrent Mark
[2023-10-10T10:48:34.470+0700][gc,marking  ] GC(2) Concurrent Mark From Roots
[2023-10-10T10:48:34.470+0700][gc,task     ] GC(2) Using 1 workers of 1 for marking
[2023-10-10T10:48:34.476+0700][gc,marking  ] GC(2) Concurrent Mark From Roots 5.288ms
[2023-10-10T10:48:34.476+0700][gc,marking  ] GC(2) Concurrent Preclean
[2023-10-10T10:48:34.476+0700][gc,marking  ] GC(2) Concurrent Preclean 0.028ms
[2023-10-10T10:48:34.476+0700][gc,start    ] GC(2) Pause Remark
[2023-10-10T10:48:34.479+0700][gc          ] GC(2) Pause Remark 140M->140M(1024M) 2.356ms
[2023-10-10T10:48:34.479+0700][gc,cpu      ] GC(2) User=0.01s Sys=0.01s Real=0.00s
[2023-10-10T10:48:34.479+0700][gc,marking  ] GC(2) Concurrent Mark 8.443ms
[2023-10-10T10:48:34.479+0700][gc,marking  ] GC(2) Concurrent Rebuild Remembered Sets and Scrub Regions
[2023-10-10T10:48:34.484+0700][gc,marking  ] GC(2) Concurrent Rebuild Remembered Sets and Scrub Regions 4.977ms
[2023-10-10T10:48:34.484+0700][gc,start    ] GC(2) Pause Cleanup
[2023-10-10T10:48:34.484+0700][gc          ] GC(2) Pause Cleanup 140M->140M(1024M) 0.149ms
[2023-10-10T10:48:34.484+0700][gc,cpu      ] GC(2) User=0.00s Sys=0.00s Real=0.00s
[2023-10-10T10:48:34.484+0700][gc,marking  ] GC(2) Concurrent Clear Claimed Marks
[2023-10-10T10:48:34.484+0700][gc,marking  ] GC(2) Concurrent Clear Claimed Marks 0.024ms
[2023-10-10T10:48:34.484+0700][gc,marking  ] GC(2) Concurrent Cleanup for Next Mark
[2023-10-10T10:48:34.497+0700][gc,marking  ] GC(2) Concurrent Cleanup for Next Mark 13.141ms
[2023-10-10T10:48:34.497+0700][gc          ] GC(2) Concurrent Mark Cycle 36.620ms
[2023-10-10T10:48:35.537+0700][gc,start    ] GC(3) Pause Young (Prepare Mixed) (G1 Evacuation Pause)
[2023-10-10T10:48:35.537+0700][gc,task     ] GC(3) Using 4 workers of 4 for evacuation
[2023-10-10T10:48:35.544+0700][gc,phases   ] GC(3)   Pre Evacuate Collection Set: 0.1ms
[2023-10-10T10:48:35.544+0700][gc,phases   ] GC(3)   Merge Heap Roots: 0.0ms
[2023-10-10T10:48:35.544+0700][gc,phases   ] GC(3)   Evacuate Collection Set: 6.3ms
[2023-10-10T10:48:35.544+0700][gc,phases   ] GC(3)   Post Evacuate Collection Set: 0.6ms
[2023-10-10T10:48:35.544+0700][gc,phases   ] GC(3)   Other: 0.1ms
[2023-10-10T10:48:35.545+0700][gc,heap     ] GC(3) Eden regions: 49->0(44)
[2023-10-10T10:48:35.545+0700][gc,heap     ] GC(3) Survivor regions: 2->7(7)
[2023-10-10T10:48:35.545+0700][gc,heap     ] GC(3) Old regions: 10->10
[2023-10-10T10:48:35.545+0700][gc,heap     ] GC(3) Humongous regions: 129->129
[2023-10-10T10:48:35.545+0700][gc,metaspace] GC(3) Metaspace: 32810K(33088K)->32810K(33088K) NonClass: 29244K(29376K)->29244K(29376K) Class: 3565K(3712K)->3565K(3712K)
[2023-10-10T10:48:35.545+0700][gc          ] GC(3) Pause Young (Prepare Mixed) (G1 Evacuation Pause) 188M->143M(1024M) 7.296ms
[2023-10-10T10:48:35.545+0700][gc,cpu      ] GC(3) User=0.03s Sys=0.00s Real=0.01s
[2023-10-10T10:54:53.256+0700][gc,start    ] GC(4) Pause Young (Mixed) (Metadata GC Threshold)
[2023-10-10T10:54:53.257+0700][gc,task     ] GC(4) Using 4 workers of 4 for evacuation
[2023-10-10T10:54:53.270+0700][gc,phases   ] GC(4)   Pre Evacuate Collection Set: 0.3ms
[2023-10-10T10:54:53.270+0700][gc,phases   ] GC(4)   Merge Heap Roots: 0.2ms
[2023-10-10T10:54:53.270+0700][gc,phases   ] GC(4)   Evacuate Collection Set: 11.5ms
[2023-10-10T10:54:53.270+0700][gc,phases   ] GC(4)   Post Evacuate Collection Set: 0.7ms
[2023-10-10T10:54:53.270+0700][gc,phases   ] GC(4)   Other: 0.1ms
[2023-10-10T10:54:53.270+0700][gc,heap     ] GC(4) Eden regions: 18->0(49)
[2023-10-10T10:54:53.270+0700][gc,heap     ] GC(4) Survivor regions: 7->2(7)
[2023-10-10T10:54:53.270+0700][gc,heap     ] GC(4) Old regions: 10->15
[2023-10-10T10:54:53.270+0700][gc,heap     ] GC(4) Humongous regions: 129->129
[2023-10-10T10:54:53.270+0700][gc,metaspace] GC(4) Metaspace: 35873K(36160K)->35873K(36160K) NonClass: 31848K(32000K)->31848K(32000K) Class: 4025K(4160K)->4025K(4160K)
[2023-10-10T10:54:53.271+0700][gc          ] GC(4) Pause Young (Mixed) (Metadata GC Threshold) 161M->144M(1024M) 14.561ms
[2023-10-10T10:54:53.271+0700][gc,cpu      ] GC(4) User=0.02s Sys=0.01s Real=0.02s
[2023-10-10T10:54:53.647+0700][gc,heap,exit] Heap
[2023-10-10T10:54:53.647+0700][gc,heap,exit]  garbage-first heap   total 1048576K, used 154183K [0x00000007c0000000, 0x0000000800000000)
[2023-10-10T10:54:53.647+0700][gc,heap,exit]   region size 1024K, 9 young (9216K), 2 survivors (2048K)
[2023-10-10T10:54:53.647+0700][gc,heap,exit]  Metaspace       used 36146K, committed 36416K, reserved 1114112K
[2023-10-10T10:54:53.647+0700][gc,heap,exit]   class space    used 4092K, committed 4224K, reserved 1048576K
