[2023-10-10T10:52:42.860+0700][gc,init] CardTable entry size: 512
[2023-10-10T10:52:42.860+0700][gc     ] Using G1
[2023-10-10T10:52:42.868+0700][gc,init] Version: 21+35-LTS-2513 (release)
[2023-10-10T10:52:42.868+0700][gc,init] CPUs: 4 total, 4 available
[2023-10-10T10:52:42.868+0700][gc,init] Memory: 8192M
[2023-10-10T10:52:42.868+0700][gc,init] Large Page Support: Disabled
[2023-10-10T10:52:42.868+0700][gc,init] NUMA Support: Disabled
[2023-10-10T10:52:42.868+0700][gc,init] Compressed Oops: Enabled (Zero based)
[2023-10-10T10:52:42.868+0700][gc,init] Heap Region Size: 1M
[2023-10-10T10:52:42.868+0700][gc,init] Heap Min Capacity: 1G
[2023-10-10T10:52:42.868+0700][gc,init] Heap Initial Capacity: 1G
[2023-10-10T10:52:42.868+0700][gc,init] Heap Max Capacity: 1G
[2023-10-10T10:52:42.868+0700][gc,init] Pre-touch: Disabled
[2023-10-10T10:52:42.868+0700][gc,init] Parallel Workers: 4
[2023-10-10T10:52:42.868+0700][gc,init] Concurrent Workers: 1
[2023-10-10T10:52:42.868+0700][gc,init] Concurrent Refinement Workers: 4
[2023-10-10T10:52:42.868+0700][gc,init] Periodic GC: Disabled
[2023-10-10T10:52:42.877+0700][gc,metaspace] CDS archive(s) mapped at: [0x0000000120000000-0x0000000120ca4000-0x0000000120ca4000), size 13254656, SharedBaseAddress: 0x0000000120000000, ArchiveRelocationMode: 1.
[2023-10-10T10:52:42.877+0700][gc,metaspace] Compressed class space mapped at: 0x0000000121000000-0x0000000161000000, reserved size: 1073741824
[2023-10-10T10:52:42.877+0700][gc,metaspace] Narrow klass base: 0x0000000120000000, Narrow klass shift: 0, Narrow klass range: 0x100000000
[2023-10-10T10:52:49.706+0700][gc,start    ] GC(0) Pause Young (Normal) (G1 Evacuation Pause)
[2023-10-10T10:52:49.707+0700][gc,task     ] GC(0) Using 4 workers of 4 for evacuation
[2023-10-10T10:52:49.715+0700][gc,phases   ] GC(0)   Pre Evacuate Collection Set: 0.2ms
[2023-10-10T10:52:49.715+0700][gc,phases   ] GC(0)   Merge Heap Roots: 0.0ms
[2023-10-10T10:52:49.716+0700][gc,phases   ] GC(0)   Evacuate Collection Set: 7.9ms
[2023-10-10T10:52:49.716+0700][gc,phases   ] GC(0)   Post Evacuate Collection Set: 0.6ms
[2023-10-10T10:52:49.716+0700][gc,phases   ] GC(0)   Other: 0.3ms
[2023-10-10T10:52:49.716+0700][gc,heap     ] GC(0) Eden regions: 51->0(44)
[2023-10-10T10:52:49.716+0700][gc,heap     ] GC(0) Survivor regions: 0->7(7)
[2023-10-10T10:52:49.716+0700][gc,heap     ] GC(0) Old regions: 2->3
[2023-10-10T10:52:49.716+0700][gc,heap     ] GC(0) Humongous regions: 0->0
[2023-10-10T10:52:49.716+0700][gc,metaspace] GC(0) Metaspace: 18384K(18624K)->18384K(18624K) NonClass: 16415K(16512K)->16415K(16512K) Class: 1969K(2112K)->1969K(2112K)
[2023-10-10T10:52:49.716+0700][gc          ] GC(0) Pause Young (Normal) (G1 Evacuation Pause) 52M->8M(1024M) 9.345ms
[2023-10-10T10:52:49.716+0700][gc,cpu      ] GC(0) User=0.02s Sys=0.00s Real=0.01s
[2023-10-10T10:52:50.011+0700][gc,start    ] GC(1) Pause Young (Concurrent Start) (Metadata GC Threshold)
[2023-10-10T10:52:50.011+0700][gc,task     ] GC(1) Using 4 workers of 4 for evacuation
[2023-10-10T10:52:50.022+0700][gc,phases   ] GC(1)   Pre Evacuate Collection Set: 0.2ms
[2023-10-10T10:52:50.022+0700][gc,phases   ] GC(1)   Merge Heap Roots: 0.0ms
[2023-10-10T10:52:50.022+0700][gc,phases   ] GC(1)   Evacuate Collection Set: 9.9ms
[2023-10-10T10:52:50.022+0700][gc,phases   ] GC(1)   Post Evacuate Collection Set: 0.6ms
[2023-10-10T10:52:50.022+0700][gc,phases   ] GC(1)   Other: 0.1ms
[2023-10-10T10:52:50.022+0700][gc,heap     ] GC(1) Eden regions: 13->0(49)
[2023-10-10T10:52:50.022+0700][gc,heap     ] GC(1) Survivor regions: 7->2(7)
[2023-10-10T10:52:50.022+0700][gc,heap     ] GC(1) Old regions: 3->10
[2023-10-10T10:52:50.022+0700][gc,heap     ] GC(1) Humongous regions: 0->0
[2023-10-10T10:52:50.022+0700][gc,metaspace] GC(1) Metaspace: 21280K(21504K)->21280K(21504K) NonClass: 18958K(19072K)->18958K(19072K) Class: 2321K(2432K)->2321K(2432K)
[2023-10-10T10:52:50.022+0700][gc          ] GC(1) Pause Young (Concurrent Start) (Metadata GC Threshold) 21M->10M(1024M) 10.982ms
[2023-10-10T10:52:50.022+0700][gc,cpu      ] GC(1) User=0.03s Sys=0.00s Real=0.01s
[2023-10-10T10:52:50.022+0700][gc          ] GC(2) Concurrent Mark Cycle
[2023-10-10T10:52:50.022+0700][gc,marking  ] GC(2) Concurrent Scan Root Regions
[2023-10-10T10:52:50.028+0700][gc,marking  ] GC(2) Concurrent Scan Root Regions 5.739ms
[2023-10-10T10:52:50.028+0700][gc,marking  ] GC(2) Concurrent Mark
[2023-10-10T10:52:50.028+0700][gc,marking  ] GC(2) Concurrent Mark From Roots
[2023-10-10T10:52:50.028+0700][gc,task     ] GC(2) Using 1 workers of 1 for marking
[2023-10-10T10:52:50.033+0700][gc,marking  ] GC(2) Concurrent Mark From Roots 5.131ms
[2023-10-10T10:52:50.033+0700][gc,marking  ] GC(2) Concurrent Preclean
[2023-10-10T10:52:50.033+0700][gc,marking  ] GC(2) Concurrent Preclean 0.024ms
[2023-10-10T10:52:50.033+0700][gc,start    ] GC(2) Pause Remark
[2023-10-10T10:52:50.035+0700][gc          ] GC(2) Pause Remark 11M->11M(1024M) 2.443ms
[2023-10-10T10:52:50.035+0700][gc,cpu      ] GC(2) User=0.00s Sys=0.00s Real=0.00s
[2023-10-10T10:52:50.036+0700][gc,marking  ] GC(2) Concurrent Mark 7.949ms
[2023-10-10T10:52:50.036+0700][gc,marking  ] GC(2) Concurrent Rebuild Remembered Sets and Scrub Regions
[2023-10-10T10:52:50.043+0700][gc,marking  ] GC(2) Concurrent Rebuild Remembered Sets and Scrub Regions 7.017ms
[2023-10-10T10:52:50.043+0700][gc,start    ] GC(2) Pause Cleanup
[2023-10-10T10:52:50.043+0700][gc          ] GC(2) Pause Cleanup 11M->11M(1024M) 0.144ms
[2023-10-10T10:52:50.043+0700][gc,cpu      ] GC(2) User=0.01s Sys=0.00s Real=0.00s
[2023-10-10T10:52:50.043+0700][gc,marking  ] GC(2) Concurrent Clear Claimed Marks
[2023-10-10T10:52:50.043+0700][gc,marking  ] GC(2) Concurrent Clear Claimed Marks 0.049ms
[2023-10-10T10:52:50.043+0700][gc,marking  ] GC(2) Concurrent Cleanup for Next Mark
[2023-10-10T10:52:50.059+0700][gc,marking  ] GC(2) Concurrent Cleanup for Next Mark 16.389ms
[2023-10-10T10:52:50.060+0700][gc          ] GC(2) Concurrent Mark Cycle 37.711ms
[2023-10-10T10:52:50.998+0700][gc,start    ] GC(3) Pause Young (Prepare Mixed) (G1 Evacuation Pause)
[2023-10-10T10:52:50.998+0700][gc,task     ] GC(3) Using 4 workers of 4 for evacuation
[2023-10-10T10:52:51.004+0700][gc,phases   ] GC(3)   Pre Evacuate Collection Set: 0.1ms
[2023-10-10T10:52:51.004+0700][gc,phases   ] GC(3)   Merge Heap Roots: 0.0ms
[2023-10-10T10:52:51.004+0700][gc,phases   ] GC(3)   Evacuate Collection Set: 5.9ms
[2023-10-10T10:52:51.004+0700][gc,phases   ] GC(3)   Post Evacuate Collection Set: 0.5ms
[2023-10-10T10:52:51.004+0700][gc,phases   ] GC(3)   Other: 0.1ms
[2023-10-10T10:52:51.004+0700][gc,heap     ] GC(3) Eden regions: 49->0(45)
[2023-10-10T10:52:51.004+0700][gc,heap     ] GC(3) Survivor regions: 2->6(7)
[2023-10-10T10:52:51.004+0700][gc,heap     ] GC(3) Old regions: 10->10
[2023-10-10T10:52:51.004+0700][gc,heap     ] GC(3) Humongous regions: 9->9
[2023-10-10T10:52:51.004+0700][gc,metaspace] GC(3) Metaspace: 31840K(32128K)->31840K(32128K) NonClass: 28385K(28544K)->28385K(28544K) Class: 3454K(3584K)->3454K(3584K)
[2023-10-10T10:52:51.004+0700][gc          ] GC(3) Pause Young (Prepare Mixed) (G1 Evacuation Pause) 68M->23M(1024M) 6.913ms
[2023-10-10T10:52:51.004+0700][gc,cpu      ] GC(3) User=0.03s Sys=0.00s Real=0.01s
[2023-10-10T10:52:51.993+0700][gc,start    ] GC(4) Pause Young (Mixed) (Metadata GC Threshold)
[2023-10-10T10:52:52.002+0700][gc,task     ] GC(4) Using 4 workers of 4 for evacuation
[2023-10-10T10:52:52.009+0700][gc,phases   ] GC(4)   Pre Evacuate Collection Set: 0.2ms
[2023-10-10T10:52:52.009+0700][gc,phases   ] GC(4)   Merge Heap Roots: 0.1ms
[2023-10-10T10:52:52.009+0700][gc,phases   ] GC(4)   Evacuate Collection Set: 6.0ms
[2023-10-10T10:52:52.009+0700][gc,phases   ] GC(4)   Post Evacuate Collection Set: 0.5ms
[2023-10-10T10:52:52.009+0700][gc,phases   ] GC(4)   Other: 0.1ms
[2023-10-10T10:52:52.009+0700][gc,heap     ] GC(4) Eden regions: 24->0(49)
[2023-10-10T10:52:52.009+0700][gc,heap     ] GC(4) Survivor regions: 6->2(7)
[2023-10-10T10:52:52.009+0700][gc,heap     ] GC(4) Old regions: 10->13
[2023-10-10T10:52:52.009+0700][gc,heap     ] GC(4) Humongous regions: 138->0
[2023-10-10T10:52:52.009+0700][gc,metaspace] GC(4) Metaspace: 35724K(36160K)->35724K(36160K) NonClass: 31734K(32000K)->31734K(32000K) Class: 3989K(4160K)->3989K(4160K)
[2023-10-10T10:52:52.009+0700][gc          ] GC(4) Pause Young (Mixed) (Metadata GC Threshold) 175M->14M(1024M) 15.970ms
[2023-10-10T10:52:52.009+0700][gc,cpu      ] GC(4) User=0.03s Sys=0.00s Real=0.01s
[2023-10-10T10:52:52.048+0700][gc,heap,exit] Heap
[2023-10-10T10:52:52.048+0700][gc,heap,exit]  garbage-first heap   total 1048576K, used 19200K [0x00000007c0000000, 0x0000000800000000)
[2023-10-10T10:52:52.048+0700][gc,heap,exit]   region size 1024K, 7 young (7168K), 2 survivors (2048K)
[2023-10-10T10:52:52.048+0700][gc,heap,exit]  Metaspace       used 35827K, committed 36288K, reserved 1114112K
[2023-10-10T10:52:52.048+0700][gc,heap,exit]   class space    used 4019K, committed 4224K, reserved 1048576K
