[2023-10-11T16:39:58.074+0700][gc,init] CardTable entry size: 512
[2023-10-11T16:39:58.074+0700][gc     ] Using G1
[2023-10-11T16:39:58.081+0700][gc,init] Version: 21+35-LTS-2513 (release)
[2023-10-11T16:39:58.081+0700][gc,init] CPUs: 4 total, 4 available
[2023-10-11T16:39:58.081+0700][gc,init] Memory: 8192M
[2023-10-11T16:39:58.082+0700][gc,init] Large Page Support: Disabled
[2023-10-11T16:39:58.082+0700][gc,init] NUMA Support: Disabled
[2023-10-11T16:39:58.082+0700][gc,init] Compressed Oops: Enabled (Zero based)
[2023-10-11T16:39:58.082+0700][gc,init] Heap Region Size: 1M
[2023-10-11T16:39:58.082+0700][gc,init] Heap Min Capacity: 1G
[2023-10-11T16:39:58.082+0700][gc,init] Heap Initial Capacity: 1G
[2023-10-11T16:39:58.082+0700][gc,init] Heap Max Capacity: 1G
[2023-10-11T16:39:58.082+0700][gc,init] Pre-touch: Disabled
[2023-10-11T16:39:58.082+0700][gc,init] Parallel Workers: 4
[2023-10-11T16:39:58.082+0700][gc,init] Concurrent Workers: 1
[2023-10-11T16:39:58.082+0700][gc,init] Concurrent Refinement Workers: 4
[2023-10-11T16:39:58.082+0700][gc,init] Periodic GC: Disabled
[2023-10-11T16:39:58.091+0700][gc,metaspace] CDS archive(s) mapped at: [0x0000000125000000-0x0000000125ca4000-0x0000000125ca4000), size 13254656, SharedBaseAddress: 0x0000000125000000, ArchiveRelocationMode: 1.
[2023-10-11T16:39:58.091+0700][gc,metaspace] Compressed class space mapped at: 0x0000000126000000-0x0000000166000000, reserved size: 1073741824
[2023-10-11T16:39:58.091+0700][gc,metaspace] Narrow klass base: 0x0000000125000000, Narrow klass shift: 0, Narrow klass range: 0x100000000
[2023-10-11T16:40:05.672+0700][gc,start    ] GC(0) Pause Young (Normal) (G1 Evacuation Pause)
[2023-10-11T16:40:05.672+0700][gc,task     ] GC(0) Using 4 workers of 4 for evacuation
[2023-10-11T16:40:05.681+0700][gc,phases   ] GC(0)   Pre Evacuate Collection Set: 0.2ms
[2023-10-11T16:40:05.681+0700][gc,phases   ] GC(0)   Merge Heap Roots: 0.0ms
[2023-10-11T16:40:05.681+0700][gc,phases   ] GC(0)   Evacuate Collection Set: 7.6ms
[2023-10-11T16:40:05.681+0700][gc,phases   ] GC(0)   Post Evacuate Collection Set: 0.7ms
[2023-10-11T16:40:05.681+0700][gc,phases   ] GC(0)   Other: 0.3ms
[2023-10-11T16:40:05.681+0700][gc,heap     ] GC(0) Eden regions: 51->0(44)
[2023-10-11T16:40:05.681+0700][gc,heap     ] GC(0) Survivor regions: 0->7(7)
[2023-10-11T16:40:05.681+0700][gc,heap     ] GC(0) Old regions: 2->3
[2023-10-11T16:40:05.681+0700][gc,heap     ] GC(0) Humongous regions: 0->0
[2023-10-11T16:40:05.681+0700][gc,metaspace] GC(0) Metaspace: 18249K(18432K)->18249K(18432K) NonClass: 16156K(16256K)->16156K(16256K) Class: 2093K(2176K)->2093K(2176K)
[2023-10-11T16:40:05.681+0700][gc          ] GC(0) Pause Young (Normal) (G1 Evacuation Pause) 52M->8M(1024M) 9.348ms
[2023-10-11T16:40:05.681+0700][gc,cpu      ] GC(0) User=0.03s Sys=0.01s Real=0.01s
[2023-10-11T16:40:06.220+0700][gc,start    ] GC(1) Pause Young (Concurrent Start) (Metadata GC Threshold)
[2023-10-11T16:40:06.220+0700][gc,task     ] GC(1) Using 4 workers of 4 for evacuation
[2023-10-11T16:40:06.228+0700][gc,phases   ] GC(1)   Pre Evacuate Collection Set: 0.2ms
[2023-10-11T16:40:06.228+0700][gc,phases   ] GC(1)   Merge Heap Roots: 0.0ms
[2023-10-11T16:40:06.228+0700][gc,phases   ] GC(1)   Evacuate Collection Set: 6.8ms
[2023-10-11T16:40:06.228+0700][gc,phases   ] GC(1)   Post Evacuate Collection Set: 0.4ms
[2023-10-11T16:40:06.228+0700][gc,phases   ] GC(1)   Other: 0.1ms
[2023-10-11T16:40:06.228+0700][gc,heap     ] GC(1) Eden regions: 12->0(50)
[2023-10-11T16:40:06.228+0700][gc,heap     ] GC(1) Survivor regions: 7->1(7)
[2023-10-11T16:40:06.228+0700][gc,heap     ] GC(1) Old regions: 3->10
[2023-10-11T16:40:06.228+0700][gc,heap     ] GC(1) Humongous regions: 0->0
[2023-10-11T16:40:06.228+0700][gc,metaspace] GC(1) Metaspace: 21256K(21504K)->21256K(21504K) NonClass: 18767K(18880K)->18767K(18880K) Class: 2488K(2624K)->2488K(2624K)
[2023-10-11T16:40:06.228+0700][gc          ] GC(1) Pause Young (Concurrent Start) (Metadata GC Threshold) 19M->9M(1024M) 7.783ms
[2023-10-11T16:40:06.228+0700][gc,cpu      ] GC(1) User=0.03s Sys=0.01s Real=0.00s
[2023-10-11T16:40:06.228+0700][gc          ] GC(2) Concurrent Mark Cycle
[2023-10-11T16:40:06.228+0700][gc,marking  ] GC(2) Concurrent Scan Root Regions
[2023-10-11T16:40:06.235+0700][gc,marking  ] GC(2) Concurrent Scan Root Regions 6.488ms
[2023-10-11T16:40:06.235+0700][gc,marking  ] GC(2) Concurrent Mark
[2023-10-11T16:40:06.235+0700][gc,marking  ] GC(2) Concurrent Mark From Roots
[2023-10-11T16:40:06.235+0700][gc,task     ] GC(2) Using 1 workers of 1 for marking
[2023-10-11T16:40:06.238+0700][gc,marking  ] GC(2) Concurrent Mark From Roots 3.212ms
[2023-10-11T16:40:06.238+0700][gc,marking  ] GC(2) Concurrent Preclean
[2023-10-11T16:40:06.238+0700][gc,marking  ] GC(2) Concurrent Preclean 0.033ms
[2023-10-11T16:40:06.238+0700][gc,start    ] GC(2) Pause Remark
[2023-10-11T16:40:06.240+0700][gc          ] GC(2) Pause Remark 10M->10M(1024M) 1.974ms
[2023-10-11T16:40:06.240+0700][gc,cpu      ] GC(2) User=0.01s Sys=0.00s Real=0.01s
[2023-10-11T16:40:06.240+0700][gc,marking  ] GC(2) Concurrent Mark 5.606ms
[2023-10-11T16:40:06.240+0700][gc,marking  ] GC(2) Concurrent Rebuild Remembered Sets and Scrub Regions
[2023-10-11T16:40:06.246+0700][gc,marking  ] GC(2) Concurrent Rebuild Remembered Sets and Scrub Regions 5.458ms
[2023-10-11T16:40:06.246+0700][gc,start    ] GC(2) Pause Cleanup
[2023-10-11T16:40:06.246+0700][gc          ] GC(2) Pause Cleanup 10M->10M(1024M) 0.131ms
[2023-10-11T16:40:06.246+0700][gc,cpu      ] GC(2) User=0.00s Sys=0.00s Real=0.00s
[2023-10-11T16:40:06.246+0700][gc,marking  ] GC(2) Concurrent Clear Claimed Marks
[2023-10-11T16:40:06.246+0700][gc,marking  ] GC(2) Concurrent Clear Claimed Marks 0.035ms
[2023-10-11T16:40:06.246+0700][gc,marking  ] GC(2) Concurrent Cleanup for Next Mark
[2023-10-11T16:40:06.257+0700][gc,marking  ] GC(2) Concurrent Cleanup for Next Mark 10.589ms
[2023-10-11T16:40:06.257+0700][gc          ] GC(2) Concurrent Mark Cycle 28.772ms
[2023-10-11T16:40:08.714+0700][gc,start    ] GC(3) Pause Young (Prepare Mixed) (G1 Evacuation Pause)
[2023-10-11T16:40:08.714+0700][gc,task     ] GC(3) Using 4 workers of 4 for evacuation
[2023-10-11T16:40:08.730+0700][gc,phases   ] GC(3)   Pre Evacuate Collection Set: 0.2ms
[2023-10-11T16:40:08.730+0700][gc,phases   ] GC(3)   Merge Heap Roots: 0.1ms
[2023-10-11T16:40:08.730+0700][gc,phases   ] GC(3)   Evacuate Collection Set: 14.6ms
[2023-10-11T16:40:08.730+0700][gc,phases   ] GC(3)   Post Evacuate Collection Set: 1.0ms
[2023-10-11T16:40:08.730+0700][gc,phases   ] GC(3)   Other: 0.1ms
[2023-10-11T16:40:08.730+0700][gc,heap     ] GC(3) Eden regions: 50->0(45)
[2023-10-11T16:40:08.730+0700][gc,heap     ] GC(3) Survivor regions: 1->6(7)
[2023-10-11T16:40:08.730+0700][gc,heap     ] GC(3) Old regions: 10->10
[2023-10-11T16:40:08.730+0700][gc,heap     ] GC(3) Humongous regions: 129->129
[2023-10-11T16:40:08.730+0700][gc,metaspace] GC(3) Metaspace: 31072K(31360K)->31072K(31360K) NonClass: 27603K(27776K)->27603K(27776K) Class: 3468K(3584K)->3468K(3584K)
[2023-10-11T16:40:08.730+0700][gc          ] GC(3) Pause Young (Prepare Mixed) (G1 Evacuation Pause) 188M->143M(1024M) 16.248ms
[2023-10-11T16:40:08.730+0700][gc,cpu      ] GC(3) User=0.02s Sys=0.00s Real=0.02s
[2023-10-11T16:40:09.163+0700][gc,start    ] GC(4) Pause Young (Mixed) (Metadata GC Threshold)
[2023-10-11T16:40:09.163+0700][gc,task     ] GC(4) Using 4 workers of 4 for evacuation
[2023-10-11T16:40:09.181+0700][gc,phases   ] GC(4)   Pre Evacuate Collection Set: 0.5ms
[2023-10-11T16:40:09.181+0700][gc,phases   ] GC(4)   Merge Heap Roots: 0.1ms
[2023-10-11T16:40:09.181+0700][gc,phases   ] GC(4)   Evacuate Collection Set: 15.5ms
[2023-10-11T16:40:09.182+0700][gc,phases   ] GC(4)   Post Evacuate Collection Set: 2.3ms
[2023-10-11T16:40:09.182+0700][gc,phases   ] GC(4)   Other: 0.1ms
[2023-10-11T16:40:09.182+0700][gc,heap     ] GC(4) Eden regions: 19->0(49)
[2023-10-11T16:40:09.182+0700][gc,heap     ] GC(4) Survivor regions: 6->2(7)
[2023-10-11T16:40:09.182+0700][gc,heap     ] GC(4) Old regions: 10->14
[2023-10-11T16:40:09.182+0700][gc,heap     ] GC(4) Humongous regions: 129->129
[2023-10-11T16:40:09.182+0700][gc,metaspace] GC(4) Metaspace: 35600K(35968K)->35600K(35968K) NonClass: 31686K(31872K)->31686K(31872K) Class: 3914K(4096K)->3914K(4096K)
[2023-10-11T16:40:09.183+0700][gc          ] GC(4) Pause Young (Mixed) (Metadata GC Threshold) 161M->144M(1024M) 20.010ms
[2023-10-11T16:40:09.183+0700][gc,cpu      ] GC(4) User=0.03s Sys=0.00s Real=0.02s
[2023-10-11T16:40:09.242+0700][gc,start    ] GC(5) Pause Young (Concurrent Start) (Metadata GC Threshold)
[2023-10-11T16:40:09.242+0700][gc,task     ] GC(5) Using 4 workers of 4 for evacuation
[2023-10-11T16:40:09.245+0700][gc,phases   ] GC(5)   Pre Evacuate Collection Set: 0.2ms
[2023-10-11T16:40:09.245+0700][gc,phases   ] GC(5)   Merge Heap Roots: 0.0ms
[2023-10-11T16:40:09.245+0700][gc,phases   ] GC(5)   Evacuate Collection Set: 2.1ms
[2023-10-11T16:40:09.245+0700][gc,phases   ] GC(5)   Post Evacuate Collection Set: 0.3ms
[2023-10-11T16:40:09.245+0700][gc,phases   ] GC(5)   Other: 0.1ms
[2023-10-11T16:40:09.245+0700][gc,heap     ] GC(5) Eden regions: 3->0(49)
[2023-10-11T16:40:09.245+0700][gc,heap     ] GC(5) Survivor regions: 2->2(7)
[2023-10-11T16:40:09.245+0700][gc,heap     ] GC(5) Old regions: 14->14
[2023-10-11T16:40:09.245+0700][gc,heap     ] GC(5) Humongous regions: 129->129
[2023-10-11T16:40:09.245+0700][gc,metaspace] GC(5) Metaspace: 35904K(36288K)->35904K(36288K) NonClass: 31922K(32128K)->31922K(32128K) Class: 3982K(4160K)->3982K(4160K)
[2023-10-11T16:40:09.245+0700][gc          ] GC(5) Pause Young (Concurrent Start) (Metadata GC Threshold) 147M->144M(1024M) 2.931ms
[2023-10-11T16:40:09.245+0700][gc          ] GC(6) Concurrent Mark Cycle
[2023-10-11T16:40:09.245+0700][gc,cpu      ] GC(5) User=0.01s Sys=0.00s Real=0.00s
[2023-10-11T16:40:09.245+0700][gc,marking  ] GC(6) Concurrent Scan Root Regions
[2023-10-11T16:40:09.248+0700][gc,marking  ] GC(6) Concurrent Scan Root Regions 3.099ms
[2023-10-11T16:40:09.248+0700][gc,marking  ] GC(6) Concurrent Mark
[2023-10-11T16:40:09.248+0700][gc,marking  ] GC(6) Concurrent Mark From Roots
[2023-10-11T16:40:09.248+0700][gc,task     ] GC(6) Using 1 workers of 1 for marking
[2023-10-11T16:40:09.284+0700][gc,marking  ] GC(6) Concurrent Mark From Roots 35.554ms
[2023-10-11T16:40:09.293+0700][gc,marking  ] GC(6) Concurrent Preclean
[2023-10-11T16:40:09.293+0700][gc,marking  ] GC(6) Concurrent Preclean 0.123ms
[2023-10-11T16:40:09.293+0700][gc,start    ] GC(6) Pause Remark
[2023-10-11T16:40:09.296+0700][gc          ] GC(6) Pause Remark 147M->147M(1024M) 2.651ms
[2023-10-11T16:40:09.296+0700][gc,cpu      ] GC(6) User=0.01s Sys=0.00s Real=0.00s
[2023-10-11T16:40:09.296+0700][gc,marking  ] GC(6) Concurrent Mark 47.519ms
[2023-10-11T16:40:09.296+0700][gc,marking  ] GC(6) Concurrent Rebuild Remembered Sets and Scrub Regions
[2023-10-11T16:40:09.313+0700][gc,marking  ] GC(6) Concurrent Rebuild Remembered Sets and Scrub Regions 16.909ms
[2023-10-11T16:40:09.313+0700][gc,start    ] GC(6) Pause Cleanup
[2023-10-11T16:40:09.313+0700][gc          ] GC(6) Pause Cleanup 148M->148M(1024M) 0.158ms
[2023-10-11T16:40:09.313+0700][gc,cpu      ] GC(6) User=0.00s Sys=0.00s Real=0.00s
[2023-10-11T16:40:09.316+0700][gc,marking  ] GC(6) Concurrent Clear Claimed Marks
[2023-10-11T16:40:09.317+0700][gc,marking  ] GC(6) Concurrent Clear Claimed Marks 0.078ms
[2023-10-11T16:40:09.317+0700][gc,marking  ] GC(6) Concurrent Cleanup for Next Mark
[2023-10-11T16:40:09.319+0700][gc,marking  ] GC(6) Concurrent Cleanup for Next Mark 2.848ms
[2023-10-11T16:40:09.319+0700][gc          ] GC(6) Concurrent Mark Cycle 74.265ms
[2023-10-11T16:56:30.346+0700][gc,start    ] GC(7) Pause Young (Prepare Mixed) (G1 Evacuation Pause)
[2023-10-11T16:56:30.347+0700][gc,task     ] GC(7) Using 4 workers of 4 for evacuation
[2023-10-11T16:56:30.390+0700][gc,mmu      ] GC(7) MMU target violated: 21.0ms (20.0ms/21.0ms)
[2023-10-11T16:56:30.391+0700][gc,phases   ] GC(7)   Pre Evacuate Collection Set: 1.3ms
[2023-10-11T16:56:30.391+0700][gc,phases   ] GC(7)   Merge Heap Roots: 0.2ms
[2023-10-11T16:56:30.391+0700][gc,phases   ] GC(7)   Evacuate Collection Set: 40.7ms
[2023-10-11T16:56:30.391+0700][gc,phases   ] GC(7)   Post Evacuate Collection Set: 0.8ms
[2023-10-11T16:56:30.391+0700][gc,phases   ] GC(7)   Other: 0.2ms
[2023-10-11T16:56:30.391+0700][gc,heap     ] GC(7) Eden regions: 49->0(47)
[2023-10-11T16:56:30.391+0700][gc,heap     ] GC(7) Survivor regions: 2->4(7)
[2023-10-11T16:56:30.391+0700][gc,heap     ] GC(7) Old regions: 14->14
[2023-10-11T16:56:30.391+0700][gc,heap     ] GC(7) Humongous regions: 135->129
[2023-10-11T16:56:30.391+0700][gc,metaspace] GC(7) Metaspace: 40784K(41408K)->40784K(41408K) NonClass: 35974K(36352K)->35974K(36352K) Class: 4809K(5056K)->4809K(5056K)
[2023-10-11T16:56:30.391+0700][gc          ] GC(7) Pause Young (Prepare Mixed) (G1 Evacuation Pause) 199M->146M(1024M) 44.658ms
[2023-10-11T16:56:30.391+0700][gc,cpu      ] GC(7) User=0.03s Sys=0.08s Real=0.05s
[2023-10-11T17:35:37.878+0700][gc,start    ] GC(8) Pause Young (Mixed) (G1 Evacuation Pause)
[2023-10-11T17:35:37.880+0700][gc,task     ] GC(8) Using 4 workers of 4 for evacuation
[2023-10-11T17:35:37.913+0700][gc,mmu      ] GC(8) MMU target violated: 21.0ms (20.0ms/21.0ms)
[2023-10-11T17:35:37.916+0700][gc,phases   ] GC(8)   Pre Evacuate Collection Set: 1.8ms
[2023-10-11T17:35:37.916+0700][gc,phases   ] GC(8)   Merge Heap Roots: 0.3ms
[2023-10-11T17:35:37.916+0700][gc,phases   ] GC(8)   Evacuate Collection Set: 26.9ms
[2023-10-11T17:35:37.916+0700][gc,phases   ] GC(8)   Post Evacuate Collection Set: 3.7ms
[2023-10-11T17:35:37.916+0700][gc,phases   ] GC(8)   Other: 3.4ms
[2023-10-11T17:35:37.916+0700][gc,heap     ] GC(8) Eden regions: 47->0(48)
[2023-10-11T17:35:37.916+0700][gc,heap     ] GC(8) Survivor regions: 4->3(7)
[2023-10-11T17:35:37.916+0700][gc,heap     ] GC(8) Old regions: 14->16
[2023-10-11T17:35:37.916+0700][gc,heap     ] GC(8) Humongous regions: 129->129
[2023-10-11T17:35:37.916+0700][gc,metaspace] GC(8) Metaspace: 41013K(41664K)->41013K(41664K) NonClass: 36203K(36608K)->36203K(36608K) Class: 4809K(5056K)->4809K(5056K)
[2023-10-11T17:35:37.917+0700][gc          ] GC(8) Pause Young (Mixed) (G1 Evacuation Pause) 193M->146M(1024M) 38.599ms
[2023-10-11T17:35:37.920+0700][gc,cpu      ] GC(8) User=0.02s Sys=0.05s Real=0.05s
[2023-10-11T17:53:10.785+0700][gc,start    ] GC(9) Pause Young (Normal) (G1 Evacuation Pause)
[2023-10-11T17:53:10.787+0700][gc,task     ] GC(9) Using 4 workers of 4 for evacuation
[2023-10-11T17:53:10.829+0700][gc,mmu      ] GC(9) MMU target violated: 21.0ms (20.0ms/21.0ms)
[2023-10-11T17:53:10.829+0700][gc,phases   ] GC(9)   Pre Evacuate Collection Set: 1.7ms
[2023-10-11T17:53:10.829+0700][gc,phases   ] GC(9)   Merge Heap Roots: 0.2ms
[2023-10-11T17:53:10.829+0700][gc,phases   ] GC(9)   Evacuate Collection Set: 39.5ms
[2023-10-11T17:53:10.830+0700][gc,phases   ] GC(9)   Post Evacuate Collection Set: 1.0ms
[2023-10-11T17:53:10.830+0700][gc,phases   ] GC(9)   Other: 0.2ms
[2023-10-11T17:53:10.830+0700][gc,heap     ] GC(9) Eden regions: 48->0(46)
[2023-10-11T17:53:10.830+0700][gc,heap     ] GC(9) Survivor regions: 3->5(7)
[2023-10-11T17:53:10.830+0700][gc,heap     ] GC(9) Old regions: 16->16
[2023-10-11T17:53:10.830+0700][gc,heap     ] GC(9) Humongous regions: 129->129
[2023-10-11T17:53:10.830+0700][gc,metaspace] GC(9) Metaspace: 42281K(42944K)->42281K(42944K) NonClass: 37322K(37696K)->37322K(37696K) Class: 4959K(5248K)->4959K(5248K)
[2023-10-11T17:53:10.830+0700][gc          ] GC(9) Pause Young (Normal) (G1 Evacuation Pause) 194M->148M(1024M) 44.727ms
[2023-10-11T17:53:10.830+0700][gc,cpu      ] GC(9) User=0.04s Sys=0.09s Real=0.05s
[2023-10-11T18:08:15.526+0700][gc,start    ] GC(10) Pause Young (Normal) (G1 Evacuation Pause)
[2023-10-11T18:08:15.527+0700][gc,task     ] GC(10) Using 4 workers of 4 for evacuation
[2023-10-11T18:08:15.568+0700][gc,mmu      ] GC(10) MMU target violated: 21.0ms (20.0ms/21.0ms)
[2023-10-11T18:08:15.568+0700][gc,phases   ] GC(10)   Pre Evacuate Collection Set: 2.3ms
[2023-10-11T18:08:15.568+0700][gc,phases   ] GC(10)   Merge Heap Roots: 0.6ms
[2023-10-11T18:08:15.568+0700][gc,phases   ] GC(10)   Evacuate Collection Set: 36.7ms
[2023-10-11T18:08:15.568+0700][gc,phases   ] GC(10)   Post Evacuate Collection Set: 1.4ms
[2023-10-11T18:08:15.568+0700][gc,phases   ] GC(10)   Other: 0.3ms
[2023-10-11T18:08:15.568+0700][gc,heap     ] GC(10) Eden regions: 46->0(48)
[2023-10-11T18:08:15.568+0700][gc,heap     ] GC(10) Survivor regions: 5->3(7)
[2023-10-11T18:08:15.568+0700][gc,heap     ] GC(10) Old regions: 16->18
[2023-10-11T18:08:15.568+0700][gc,heap     ] GC(10) Humongous regions: 129->129
[2023-10-11T18:08:15.568+0700][gc,metaspace] GC(10) Metaspace: 42337K(43008K)->42337K(43008K) NonClass: 37378K(37760K)->37378K(37760K) Class: 4959K(5248K)->4959K(5248K)
[2023-10-11T18:08:15.568+0700][gc          ] GC(10) Pause Young (Normal) (G1 Evacuation Pause) 194M->148M(1024M) 42.372ms
[2023-10-11T18:08:15.568+0700][gc,cpu      ] GC(10) User=0.04s Sys=0.06s Real=0.04s
[2023-10-11T18:25:27.671+0700][gc,start    ] GC(11) Pause Young (Normal) (G1 Evacuation Pause)
[2023-10-11T18:25:27.671+0700][gc,task     ] GC(11) Using 4 workers of 4 for evacuation
[2023-10-11T18:25:27.724+0700][gc,mmu      ] GC(11) MMU target violated: 21.0ms (20.0ms/21.0ms)
[2023-10-11T18:25:27.724+0700][gc,phases   ] GC(11)   Pre Evacuate Collection Set: 4.1ms
[2023-10-11T18:25:27.724+0700][gc,phases   ] GC(11)   Merge Heap Roots: 8.1ms
[2023-10-11T18:25:27.724+0700][gc,phases   ] GC(11)   Evacuate Collection Set: 37.5ms
[2023-10-11T18:25:27.724+0700][gc,phases   ] GC(11)   Post Evacuate Collection Set: 1.4ms
[2023-10-11T18:25:27.724+0700][gc,phases   ] GC(11)   Other: 1.7ms
[2023-10-11T18:25:27.724+0700][gc,heap     ] GC(11) Eden regions: 48->0(48)
[2023-10-11T18:25:27.724+0700][gc,heap     ] GC(11) Survivor regions: 3->3(7)
[2023-10-11T18:25:27.724+0700][gc,heap     ] GC(11) Old regions: 18->18
[2023-10-11T18:25:27.724+0700][gc,heap     ] GC(11) Humongous regions: 129->129
[2023-10-11T18:25:27.724+0700][gc,metaspace] GC(11) Metaspace: 42357K(43008K)->42357K(43008K) NonClass: 37398K(37760K)->37398K(37760K) Class: 4959K(5248K)->4959K(5248K)
[2023-10-11T18:25:27.724+0700][gc          ] GC(11) Pause Young (Normal) (G1 Evacuation Pause) 196M->148M(1024M) 53.578ms
[2023-10-11T18:25:27.724+0700][gc,cpu      ] GC(11) User=0.02s Sys=0.06s Real=0.05s
[2023-10-12T08:48:44.074+0700][gc,start    ] GC(12) Pause Young (Normal) (G1 Evacuation Pause)
[2023-10-12T08:48:44.075+0700][gc,task     ] GC(12) Using 4 workers of 4 for evacuation
[2023-10-12T08:48:44.091+0700][gc,phases   ] GC(12)   Pre Evacuate Collection Set: 1.5ms
[2023-10-12T08:48:44.091+0700][gc,phases   ] GC(12)   Merge Heap Roots: 0.2ms
[2023-10-12T08:48:44.091+0700][gc,phases   ] GC(12)   Evacuate Collection Set: 13.2ms
[2023-10-12T08:48:44.091+0700][gc,phases   ] GC(12)   Post Evacuate Collection Set: 1.0ms
[2023-10-12T08:48:44.091+0700][gc,phases   ] GC(12)   Other: 0.3ms
[2023-10-12T08:48:44.091+0700][gc,heap     ] GC(12) Eden regions: 48->0(49)
[2023-10-12T08:48:44.091+0700][gc,heap     ] GC(12) Survivor regions: 3->2(7)
[2023-10-12T08:48:44.091+0700][gc,heap     ] GC(12) Old regions: 18->18
[2023-10-12T08:48:44.091+0700][gc,heap     ] GC(12) Humongous regions: 129->129
[2023-10-12T08:48:44.091+0700][gc,metaspace] GC(12) Metaspace: 42368K(43008K)->42368K(43008K) NonClass: 37409K(37760K)->37409K(37760K) Class: 4959K(5248K)->4959K(5248K)
[2023-10-12T08:48:44.091+0700][gc          ] GC(12) Pause Young (Normal) (G1 Evacuation Pause) 196M->147M(1024M) 17.245ms
[2023-10-12T08:48:44.091+0700][gc,cpu      ] GC(12) User=0.01s Sys=0.02s Real=0.02s
[2023-10-12T09:16:23.609+0700][gc,start    ] GC(13) Pause Young (Normal) (G1 Evacuation Pause)
[2023-10-12T09:16:23.610+0700][gc,task     ] GC(13) Using 4 workers of 4 for evacuation
[2023-10-12T09:16:23.638+0700][gc,mmu      ] GC(13) MMU target violated: 21.0ms (20.0ms/21.0ms)
[2023-10-12T09:16:23.638+0700][gc,phases   ] GC(13)   Pre Evacuate Collection Set: 2.9ms
[2023-10-12T09:16:23.638+0700][gc,phases   ] GC(13)   Merge Heap Roots: 0.2ms
[2023-10-12T09:16:23.638+0700][gc,phases   ] GC(13)   Evacuate Collection Set: 23.5ms
[2023-10-12T09:16:23.638+0700][gc,phases   ] GC(13)   Post Evacuate Collection Set: 0.9ms
[2023-10-12T09:16:23.638+0700][gc,phases   ] GC(13)   Other: 0.4ms
[2023-10-12T09:16:23.638+0700][gc,heap     ] GC(13) Eden regions: 49->0(48)
[2023-10-12T09:16:23.638+0700][gc,heap     ] GC(13) Survivor regions: 2->3(7)
[2023-10-12T09:16:23.638+0700][gc,heap     ] GC(13) Old regions: 18->18
[2023-10-12T09:16:23.638+0700][gc,heap     ] GC(13) Humongous regions: 129->129
[2023-10-12T09:16:23.638+0700][gc,metaspace] GC(13) Metaspace: 42388K(43072K)->42388K(43072K) NonClass: 37428K(37824K)->37428K(37824K) Class: 4959K(5248K)->4959K(5248K)
[2023-10-12T09:16:23.638+0700][gc          ] GC(13) Pause Young (Normal) (G1 Evacuation Pause) 196M->148M(1024M) 29.689ms
[2023-10-12T09:16:23.638+0700][gc,cpu      ] GC(13) User=0.02s Sys=0.05s Real=0.03s
[2023-10-12T09:34:58.374+0700][gc,start    ] GC(14) Pause Young (Normal) (G1 Evacuation Pause)
[2023-10-12T09:34:58.376+0700][gc,task     ] GC(14) Using 4 workers of 4 for evacuation
[2023-10-12T09:34:58.393+0700][gc,phases   ] GC(14)   Pre Evacuate Collection Set: 2.8ms
[2023-10-12T09:34:58.393+0700][gc,phases   ] GC(14)   Merge Heap Roots: 0.2ms
[2023-10-12T09:34:58.393+0700][gc,phases   ] GC(14)   Evacuate Collection Set: 12.9ms
[2023-10-12T09:34:58.393+0700][gc,phases   ] GC(14)   Post Evacuate Collection Set: 0.7ms
[2023-10-12T09:34:58.393+0700][gc,phases   ] GC(14)   Other: 0.3ms
[2023-10-12T09:34:58.393+0700][gc,heap     ] GC(14) Eden regions: 48->0(47)
[2023-10-12T09:34:58.393+0700][gc,heap     ] GC(14) Survivor regions: 3->4(7)
[2023-10-12T09:34:58.393+0700][gc,heap     ] GC(14) Old regions: 18->18
[2023-10-12T09:34:58.393+0700][gc,heap     ] GC(14) Humongous regions: 129->129
[2023-10-12T09:34:58.393+0700][gc,metaspace] GC(14) Metaspace: 42390K(43072K)->42390K(43072K) NonClass: 37431K(37824K)->37431K(37824K) Class: 4959K(5248K)->4959K(5248K)
[2023-10-12T09:34:58.393+0700][gc          ] GC(14) Pause Young (Normal) (G1 Evacuation Pause) 196M->149M(1024M) 18.775ms
[2023-10-12T09:34:58.393+0700][gc,cpu      ] GC(14) User=0.02s Sys=0.03s Real=0.02s
[2023-10-12T09:53:16.524+0700][gc,start    ] GC(15) Pause Young (Normal) (G1 Evacuation Pause)
[2023-10-12T09:53:16.525+0700][gc,task     ] GC(15) Using 4 workers of 4 for evacuation
[2023-10-12T09:53:16.544+0700][gc,phases   ] GC(15)   Pre Evacuate Collection Set: 0.5ms
[2023-10-12T09:53:16.545+0700][gc,phases   ] GC(15)   Merge Heap Roots: 0.2ms
[2023-10-12T09:53:16.545+0700][gc,phases   ] GC(15)   Evacuate Collection Set: 18.1ms
[2023-10-12T09:53:16.545+0700][gc,phases   ] GC(15)   Post Evacuate Collection Set: 0.5ms
[2023-10-12T09:53:16.545+0700][gc,phases   ] GC(15)   Other: 0.2ms
[2023-10-12T09:53:16.545+0700][gc,heap     ] GC(15) Eden regions: 47->0(47)
[2023-10-12T09:53:16.545+0700][gc,heap     ] GC(15) Survivor regions: 4->4(7)
[2023-10-12T09:53:16.545+0700][gc,heap     ] GC(15) Old regions: 18->18
[2023-10-12T09:53:16.545+0700][gc,heap     ] GC(15) Humongous regions: 129->129
[2023-10-12T09:53:16.545+0700][gc,metaspace] GC(15) Metaspace: 42394K(43072K)->42394K(43072K) NonClass: 37434K(37824K)->37434K(37824K) Class: 4959K(5248K)->4959K(5248K)
[2023-10-12T09:53:16.545+0700][gc          ] GC(15) Pause Young (Normal) (G1 Evacuation Pause) 196M->149M(1024M) 21.044ms
[2023-10-12T09:53:16.545+0700][gc,cpu      ] GC(15) User=0.03s Sys=0.03s Real=0.02s
[2023-10-12T10:10:22.731+0700][gc,start    ] GC(16) Pause Young (Normal) (G1 Evacuation Pause)
[2023-10-12T10:10:22.733+0700][gc,task     ] GC(16) Using 4 workers of 4 for evacuation
[2023-10-12T10:10:22.753+0700][gc,phases   ] GC(16)   Pre Evacuate Collection Set: 2.5ms
[2023-10-12T10:10:22.753+0700][gc,phases   ] GC(16)   Merge Heap Roots: 0.2ms
[2023-10-12T10:10:22.753+0700][gc,phases   ] GC(16)   Evacuate Collection Set: 15.4ms
[2023-10-12T10:10:22.753+0700][gc,phases   ] GC(16)   Post Evacuate Collection Set: 1.5ms
[2023-10-12T10:10:22.753+0700][gc,phases   ] GC(16)   Other: 0.3ms
[2023-10-12T10:10:22.753+0700][gc,heap     ] GC(16) Eden regions: 47->0(48)
[2023-10-12T10:10:22.753+0700][gc,heap     ] GC(16) Survivor regions: 4->3(7)
[2023-10-12T10:10:22.753+0700][gc,heap     ] GC(16) Old regions: 18->18
[2023-10-12T10:10:22.753+0700][gc,heap     ] GC(16) Humongous regions: 129->129
[2023-10-12T10:10:22.754+0700][gc,metaspace] GC(16) Metaspace: 42395K(43072K)->42395K(43072K) NonClass: 37435K(37824K)->37435K(37824K) Class: 4959K(5248K)->4959K(5248K)
[2023-10-12T10:10:22.754+0700][gc          ] GC(16) Pause Young (Normal) (G1 Evacuation Pause) 196M->148M(1024M) 22.165ms
[2023-10-12T10:10:22.754+0700][gc,cpu      ] GC(16) User=0.02s Sys=0.03s Real=0.02s
[2023-10-12T10:29:02.784+0700][gc,start    ] GC(17) Pause Young (Normal) (G1 Evacuation Pause)
[2023-10-12T10:29:02.785+0700][gc,task     ] GC(17) Using 4 workers of 4 for evacuation
[2023-10-12T10:29:02.809+0700][gc,mmu      ] GC(17) MMU target violated: 21.0ms (20.0ms/21.0ms)
[2023-10-12T10:29:02.809+0700][gc,phases   ] GC(17)   Pre Evacuate Collection Set: 1.7ms
[2023-10-12T10:29:02.809+0700][gc,phases   ] GC(17)   Merge Heap Roots: 0.2ms
[2023-10-12T10:29:02.809+0700][gc,phases   ] GC(17)   Evacuate Collection Set: 20.7ms
[2023-10-12T10:29:02.809+0700][gc,phases   ] GC(17)   Post Evacuate Collection Set: 1.1ms
[2023-10-12T10:29:02.809+0700][gc,phases   ] GC(17)   Other: 0.5ms
[2023-10-12T10:29:02.809+0700][gc,heap     ] GC(17) Eden regions: 48->0(48)
[2023-10-12T10:29:02.809+0700][gc,heap     ] GC(17) Survivor regions: 3->3(7)
[2023-10-12T10:29:02.809+0700][gc,heap     ] GC(17) Old regions: 18->18
[2023-10-12T10:29:02.809+0700][gc,heap     ] GC(17) Humongous regions: 129->129
[2023-10-12T10:29:02.809+0700][gc,metaspace] GC(17) Metaspace: 42399K(43072K)->42399K(43072K) NonClass: 37440K(37824K)->37440K(37824K) Class: 4959K(5248K)->4959K(5248K)
[2023-10-12T10:29:02.809+0700][gc          ] GC(17) Pause Young (Normal) (G1 Evacuation Pause) 196M->148M(1024M) 25.821ms
[2023-10-12T10:29:02.809+0700][gc,cpu      ] GC(17) User=0.02s Sys=0.03s Real=0.02s
[2023-10-12T10:47:45.376+0700][gc,start    ] GC(18) Pause Young (Normal) (G1 Evacuation Pause)
[2023-10-12T10:47:45.377+0700][gc,task     ] GC(18) Using 4 workers of 4 for evacuation
[2023-10-12T10:47:45.405+0700][gc,mmu      ] GC(18) MMU target violated: 21.0ms (20.0ms/21.0ms)
[2023-10-12T10:47:45.405+0700][gc,phases   ] GC(18)   Pre Evacuate Collection Set: 1.7ms
[2023-10-12T10:47:45.405+0700][gc,phases   ] GC(18)   Merge Heap Roots: 0.2ms
[2023-10-12T10:47:45.405+0700][gc,phases   ] GC(18)   Evacuate Collection Set: 23.8ms
[2023-10-12T10:47:45.405+0700][gc,phases   ] GC(18)   Post Evacuate Collection Set: 1.4ms
[2023-10-12T10:47:45.405+0700][gc,phases   ] GC(18)   Other: 0.3ms
[2023-10-12T10:47:45.405+0700][gc,heap     ] GC(18) Eden regions: 48->0(48)
[2023-10-12T10:47:45.405+0700][gc,heap     ] GC(18) Survivor regions: 3->3(7)
[2023-10-12T10:47:45.405+0700][gc,heap     ] GC(18) Old regions: 18->18
[2023-10-12T10:47:45.405+0700][gc,heap     ] GC(18) Humongous regions: 129->129
[2023-10-12T10:47:45.405+0700][gc,metaspace] GC(18) Metaspace: 42400K(43072K)->42400K(43072K) NonClass: 37441K(37824K)->37441K(37824K) Class: 4959K(5248K)->4959K(5248K)
[2023-10-12T10:47:45.405+0700][gc          ] GC(18) Pause Young (Normal) (G1 Evacuation Pause) 196M->149M(1024M) 29.053ms
[2023-10-12T10:47:45.405+0700][gc,cpu      ] GC(18) User=0.02s Sys=0.04s Real=0.03s
[2023-10-12T11:05:20.223+0700][gc,start    ] GC(19) Pause Young (Normal) (G1 Evacuation Pause)
[2023-10-12T11:05:20.225+0700][gc,task     ] GC(19) Using 4 workers of 4 for evacuation
[2023-10-12T11:05:20.243+0700][gc,phases   ] GC(19)   Pre Evacuate Collection Set: 2.5ms
[2023-10-12T11:05:20.243+0700][gc,phases   ] GC(19)   Merge Heap Roots: 0.2ms
[2023-10-12T11:05:20.243+0700][gc,phases   ] GC(19)   Evacuate Collection Set: 14.1ms
[2023-10-12T11:05:20.243+0700][gc,phases   ] GC(19)   Post Evacuate Collection Set: 1.1ms
[2023-10-12T11:05:20.243+0700][gc,phases   ] GC(19)   Other: 0.3ms
[2023-10-12T11:05:20.243+0700][gc,heap     ] GC(19) Eden regions: 48->0(47)
[2023-10-12T11:05:20.243+0700][gc,heap     ] GC(19) Survivor regions: 3->4(7)
[2023-10-12T11:05:20.243+0700][gc,heap     ] GC(19) Old regions: 18->18
[2023-10-12T11:05:20.243+0700][gc,heap     ] GC(19) Humongous regions: 129->129
[2023-10-12T11:05:20.243+0700][gc,metaspace] GC(19) Metaspace: 42420K(43072K)->42420K(43072K) NonClass: 37460K(37824K)->37460K(37824K) Class: 4959K(5248K)->4959K(5248K)
[2023-10-12T11:05:20.243+0700][gc          ] GC(19) Pause Young (Normal) (G1 Evacuation Pause) 197M->149M(1024M) 20.065ms
[2023-10-12T11:05:20.243+0700][gc,cpu      ] GC(19) User=0.02s Sys=0.04s Real=0.02s
[2023-10-12T11:20:43.001+0700][gc,start    ] GC(20) Pause Young (Normal) (G1 Evacuation Pause)
[2023-10-12T11:20:43.002+0700][gc,task     ] GC(20) Using 4 workers of 4 for evacuation
[2023-10-12T11:20:43.029+0700][gc,mmu      ] GC(20) MMU target violated: 21.0ms (20.0ms/21.0ms)
[2023-10-12T11:20:43.029+0700][gc,phases   ] GC(20)   Pre Evacuate Collection Set: 1.2ms
[2023-10-12T11:20:43.029+0700][gc,phases   ] GC(20)   Merge Heap Roots: 1.0ms
[2023-10-12T11:20:43.029+0700][gc,phases   ] GC(20)   Evacuate Collection Set: 23.9ms
[2023-10-12T11:20:43.029+0700][gc,phases   ] GC(20)   Post Evacuate Collection Set: 1.2ms
[2023-10-12T11:20:43.029+0700][gc,phases   ] GC(20)   Other: 0.3ms
[2023-10-12T11:20:43.029+0700][gc,heap     ] GC(20) Eden regions: 47->0(48)
[2023-10-12T11:20:43.029+0700][gc,heap     ] GC(20) Survivor regions: 4->3(7)
[2023-10-12T11:20:43.029+0700][gc,heap     ] GC(20) Old regions: 18->18
[2023-10-12T11:20:43.029+0700][gc,heap     ] GC(20) Humongous regions: 129->129
[2023-10-12T11:20:43.029+0700][gc,metaspace] GC(20) Metaspace: 42988K(43648K)->42988K(43648K) NonClass: 37888K(38272K)->37888K(38272K) Class: 5099K(5376K)->5099K(5376K)
[2023-10-12T11:20:43.029+0700][gc          ] GC(20) Pause Young (Normal) (G1 Evacuation Pause) 196M->149M(1024M) 28.178ms
[2023-10-12T11:20:43.030+0700][gc,cpu      ] GC(20) User=0.02s Sys=0.03s Real=0.03s
[2023-10-12T11:20:43.079+0700][gc,heap,exit] Heap
[2023-10-12T11:20:43.079+0700][gc,heap,exit]  garbage-first heap   total 1048576K, used 154486K [0x00000007c0000000, 0x0000000800000000)
[2023-10-12T11:20:43.079+0700][gc,heap,exit]   region size 1024K, 5 young (5120K), 3 survivors (3072K)
[2023-10-12T11:20:43.079+0700][gc,heap,exit]  Metaspace       used 43011K, committed 43712K, reserved 1114112K
[2023-10-12T11:20:43.079+0700][gc,heap,exit]   class space    used 5106K, committed 5376K, reserved 1048576K
